Archive member included to satisfy reference by file (symbol)

C:/ti/workspace_v11/tivac_EK-TM4C123GXL_core/Debug\libtivac_EK-TM4C123GXL_core.a(startup_gcc.o)
                              (ResetISR)
C:/ti/workspace_v11/tivac_EK-TM4C123GXL_core/Debug\libtivac_EK-TM4C123GXL_core.a(WInterrupts.o)
                              C:/ti/workspace_v11/tivac_EK-TM4C123GXL_core/Debug\libtivac_EK-TM4C123GXL_core.a(startup_gcc.o) (GPIOAIntHandler)
C:/ti/workspace_v11/tivac_EK-TM4C123GXL_core/Debug\libtivac_EK-TM4C123GXL_core.a(wiring.o)
                              ./timer_isr.o (g_ui32SysClock)
C:/ti/workspace_v11/tivac_EK-TM4C123GXL_core/Debug\libtivac_EK-TM4C123GXL_core.a(wiring_analog.o)
                              ./DRV8871_pwm.o (analogWrite)
C:/ti/workspace_v11/tivac_EK-TM4C123GXL_core/Debug\libtivac_EK-TM4C123GXL_core.a(wiring_digital.o)
                              ./DRV8871_pwm.o (pinMode)
C:/ti/workspace_v11/tivac_EK-TM4C123GXL_core/Debug\libtivac_EK-TM4C123GXL_core.a(HardwareSerial.o)
                              ./GCode.o (HardwareSerial::read())
C:/ti/workspace_v11/tivac_EK-TM4C123GXL_core/Debug\libtivac_EK-TM4C123GXL_core.a(main.o)
                              C:/ti/workspace_v11/tivac_EK-TM4C123GXL_core/Debug\libtivac_EK-TM4C123GXL_core.a(startup_gcc.o) (_init)
C:/ti/workspace_v11/tivac_EK-TM4C123GXL_core/Debug\libtivac_EK-TM4C123GXL_core.a(Print.o)
                              ./SimavrSerial.o (Print::write(unsigned char const*, unsigned int))
C:/ti/workspace_v11/tivac_EK-TM4C123GXL_core/Debug\libtivac_EK-TM4C123GXL_core.a(WMath.o)
                              ./Axis.o (random(long, long))
C:/ti/workspace_v11/tivac_EK-TM4C123GXL_core/Debug\libtivac_EK-TM4C123GXL_core.a(WString.o)
                              ./Axis.o (String::~String())
C:/ti/workspace_v11/tivac_EK-TM4C123GXL_core/Debug\libtivac_EK-TM4C123GXL_core.a(dtostrf.o)
                              C:/ti/workspace_v11/tivac_EK-TM4C123GXL_core/Debug\libtivac_EK-TM4C123GXL_core.a(WString.o) (dtostrf)
C:/ti/workspace_v11/tivac_EK-TM4C123GXL_core/Debug\libtivac_EK-TM4C123GXL_core.a(itoa.o)
                              C:/ti/workspace_v11/tivac_EK-TM4C123GXL_core/Debug\libtivac_EK-TM4C123GXL_core.a(WString.o) (ltoa)
C:/ti/workspace_v11/tivac_EK-TM4C123GXL_core/Debug\libtivac_EK-TM4C123GXL_core.a(random.o)
                              C:/ti/workspace_v11/tivac_EK-TM4C123GXL_core/Debug\libtivac_EK-TM4C123GXL_core.a(WMath.o) (random)
C:/ti/workspace_v11/tivac_EK-TM4C123GXL_core/Debug\libtivac_EK-TM4C123GXL_core.a(new.o)
                              C:/ti/workspace_v11/tivac_EK-TM4C123GXL_core/Debug\libtivac_EK-TM4C123GXL_core.a(Print.o) (__cxa_pure_virtual)
C:/Users/tdurrer/AppData/Local/Energia15/packages/energia/hardware/tivac/1.0.4/system/driverlib\libdriverlib.a(eeprom.o)
                              ./myEEPROM.o (EEPROMInit)
C:/Users/tdurrer/AppData/Local/Energia15/packages/energia/hardware/tivac/1.0.4/system/driverlib\libdriverlib.a(gpio.o)
                              C:/ti/workspace_v11/tivac_EK-TM4C123GXL_core/Debug\libtivac_EK-TM4C123GXL_core.a(wiring_digital.o) (GPIOPadConfigSet)
C:/Users/tdurrer/AppData/Local/Energia15/packages/energia/hardware/tivac/1.0.4/system/driverlib\libdriverlib.a(interrupt.o)
                              C:/Users/tdurrer/AppData/Local/Energia15/packages/energia/hardware/tivac/1.0.4/system/driverlib\libdriverlib.a(gpio.o) (IntRegister)
C:/Users/tdurrer/AppData/Local/Energia15/packages/energia/hardware/tivac/1.0.4/system/driverlib\libdriverlib.a(sysctl.o)
                              C:/Users/tdurrer/AppData/Local/Energia15/packages/energia/hardware/tivac/1.0.4/system/driverlib\libdriverlib.a(eeprom.o) (SysCtlPeripheralReset)
C:/Users/tdurrer/AppData/Local/Energia15/packages/energia/hardware/tivac/1.0.4/system/driverlib\libdriverlib.a(timer.o)
                              ./timer_isr.o (TimerIntRegister)
C:/Users/tdurrer/AppData/Local/Energia15/packages/energia/hardware/tivac/1.0.4/system/driverlib\libdriverlib.a(cpu.o)
                              C:/Users/tdurrer/AppData/Local/Energia15/packages/energia/hardware/tivac/1.0.4/system/driverlib\libdriverlib.a(interrupt.o) (CPUcpsid)
c:/users/tdurrer/appdata/local/energia15/packages/energia/tools/arm-none-eabi-gcc/8.3.1-20190703/bin/../lib/gcc/arm-none-eabi/8.3.1/../../../../arm-none-eabi/lib/thumb/v7e-m+fp/hard\libm.a(lib_a-sf_atan.o)
                              ./Kinematics.o (atanf)
c:/users/tdurrer/appdata/local/energia15/packages/energia/tools/arm-none-eabi-gcc/8.3.1-20190703/bin/../lib/gcc/arm-none-eabi/8.3.1/../../../../arm-none-eabi/lib/thumb/v7e-m+fp/hard\libm.a(lib_a-sf_cos.o)
                              ./Kinematics.o (cosf)
c:/users/tdurrer/appdata/local/energia15/packages/energia/tools/arm-none-eabi-gcc/8.3.1-20190703/bin/../lib/gcc/arm-none-eabi/8.3.1/../../../../arm-none-eabi/lib/thumb/v7e-m+fp/hard\libm.a(lib_a-sf_fabs.o)
[...]
Memory Configuration

Name             Origin             Length             Attributes
flash            0x00000000         0x00040000         xr
ram              0x20000000         0x00008000         xrw
*default*        0x00000000         0xffffffff

Linker script and memory map

LOAD ./Axis.o
LOAD ./cnc_ctrl_v1.o
LOAD ./DRV8871_pwm.o
LOAD ./Encoder.o
LOAD ./GCode.o
LOAD ./Kinematics.o
LOAD ./maslowRingBuffer.o
LOAD ./Motion.o
LOAD ./Motor.o
LOAD ./MotorGearboxEncoder.o
LOAD ./myEEPROM.o
LOAD ./NutsAndBolts.o
LOAD ./PID_v1.o
LOAD ./Probe.o
LOAD ./Report.o
LOAD ./Settings.o
LOAD ./SimavrSerial.o
LOAD ./Spindle.o
LOAD ./System.o
LOAD ./Testing.o
LOAD ./timer_isr.o
LOAD ./utility/Servo.o
START GROUP

.text           0x00000000    0x15824
                0x00000000                . = ALIGN (0x4)
                0x00000000                _text = .
 *(.isr_vector)
 .isr_vector    0x00000000      0x26c C:/ti/workspace_v11/tivac_EK-TM4C123GXL_core/Debug\libtivac_EK-TM4C123GXL_core.a(startup_gcc.o)
                0x00000000                g_pfnVectors
 *(.text .text* .gnu.linkonce.t.*)
 .text._ZSt5isnanf
                0x0000026c       0x2e ./Axis.o
                0x0000026c                std::isnan(float)
 .text._ZN15StringSumHelperC2ERK6String
                0x0000029a       0x1e ./Axis.o
                0x0000029a                StringSumHelper::StringSumHelper(String const&)
                0x0000029a                StringSumHelper::StringSumHelper(String const&)
 .text._ZN7Encoder4readEv
                0x000002b8       0x1c ./Axis.o
                0x000002b8                Encoder::read()
 .text._ZN7Encoder5writeEl
                0x000002d4       0x1c ./Axis.o
                0x000002d4                Encoder::write(long)
 .text._ZN7Encoder6updateEP24Encoder_internal_state_t
                0x000002f0       0x2e ./Axis.o
                0x000002f0                Encoder::update(Encoder_internal_state_t*)
 .text._ZN4Axis5setupERKiS1_S1_S1_S1_RKcRKm
                0x0000031e       0xca ./Axis.o
                0x0000031e                Axis::setup(int const&, int const&, int const&, int const&, int const&, char const&, unsigned long const&)
 .text._ZN4Axis13initializePIDERKm
                0x000003e8       0x7c ./Axis.o
                0x000003e8                Axis::initializePID(unsigned long const&)
 .text._ZN4Axis5writeERKf
                0x00000464      0x118 ./Axis.o
                0x00000464                Axis::write(float const&)
 .text._ZN4Axis4readEv
                0x0000057c       0x3e ./Axis.o
                0x0000057c                Axis::read()
 *fill*         0x000005ba        0x2 
 .text._ZN4Axis3setERKf
                0x000005bc      0x140 ./Axis.o
                0x000005bc                Axis::set(float const&)
 .text._ZN4Axis5stepsEv
                0x000006fc       0x1a ./Axis.o
                0x000006fc                Axis::steps()
 .text._ZN4Axis8setStepsERKl
                0x00000716       0x4c ./Axis.o
                0x00000716                Axis::setSteps(long const&)
 *fill*         0x00000762        0x6 
 .text._ZN4Axis10computePIDEv
                0x00000768      0x230 ./Axis.o
                0x00000768                Axis::computePID()
 .text._ZN4Axis18disablePositionPIDEv
                0x00000998       0x26 ./Axis.o
                0x00000998                Axis::disablePositionPID()
 .text._ZN4Axis17enablePositionPIDEv
                0x000009be       0x26 ./Axis.o
                0x000009be                Axis::enablePositionPID()
 .text._ZN4Axis12setPIDValuesEPfS0_S0_S0_S0_S0_S0_S0_
                0x000009e4       0x60 ./Axis.o
                0x000009e4                Axis::setPIDValues(float*, float*, float*, float*, float*, float*, float*, float*)
 .text._ZN15StringSumHelperD2Ev
                0x00000a44       0x1a ./Axis.o
                0x00000a44                StringSumHelper::~StringSumHelper()
                0x00000a44                StringSumHelper::~StringSumHelper()
 *fill*         0x00000a5e        0x2 
 .text._ZN4Axis12getPIDStringEv
                0x00000a60       0xb4 ./Axis.o
                0x00000a60                Axis::getPIDString()
 .text._ZN4Axis5errorEv
                0x00000b14       0x68 ./Axis.o
                0x00000b14                Axis::error()
 .text._ZN4Axis11changePitchEPf
                0x00000b7c       0x1e ./Axis.o
                0x00000b7c                Axis::changePitch(float*)
 .text._ZN4Axis8getPitchEv
                0x00000b9a       0x22 ./Axis.o
                0x00000b9a                Axis::getPitch()
 .text._ZN4Axis23changeEncoderResolutionEPf
                0x00000bbc       0x2c ./Axis.o
                0x00000bbc                Axis::changeEncoderResolution(float*)
 .text._ZN4Axis6detachEv
                0x00000be8       0x1c ./Axis.o
                0x00000be8                Axis::detach()
 .text._ZN4Axis6attachEv
                0x00000c04       0x28 ./Axis.o
                0x00000c04                Axis::attach()
 .text._ZN4Axis8attachedEv
                0x00000c2c       0x26 ./Axis.o
                0x00000c2c                Axis::attached()
 *fill*         0x00000c52        0x2 
 .text._ZN4Axis12detachIfIdleEv
                0x00000c54       0x3c ./Axis.o
                0x00000c54                Axis::detachIfIdle()
 .text._ZN4Axis7endMoveERKf
                0x00000c90      0x114 ./Axis.o
                0x00000c90                Axis::endMove(float const&)
 .text._ZN4Axis4stopEv
                0x00000da4       0x46 ./Axis.o
                0x00000da4                Axis::stop()
 *fill*         0x00000dea        0x6 
 .text._ZN4Axis4testEv
                0x00000df0      0x1fc ./Axis.o
                0x00000df0                Axis::test()
 .text._ZN4Axis8pidInputEv
                0x00000fec       0x3e ./Axis.o
                0x00000fec                Axis::pidInput()
 .text._ZN4Axis9pidOutputEv
                0x0000102a       0x22 ./Axis.o
                0x0000102a                Axis::pidOutput()
 .text._ZN5EERefC2Ei
                0x0000104c       0x1e ./cnc_ctrl_v1.o
                0x0000104c                EERef::EERef(int)
                0x0000104c                EERef::EERef(int)
 .text._ZNK5EERefdeEv
                0x0000106a       0x5c ./cnc_ctrl_v1.o
                0x0000106a                EERef::operator*() const
 .text._ZNK5EERefcvhEv
                0x000010c6       0x18 ./cnc_ctrl_v1.o
                0x000010c6                EERef::operator unsigned char() const
 .text._ZN5EERefaSEh
                0x000010de       0x9a ./cnc_ctrl_v1.o
                0x000010de                EERef::operator=(unsigned char)
 .text._ZN11EEPROMClassixEi
                0x00001178       0x22 ./cnc_ctrl_v1.o
                0x00001178                EEPROMClass::operator[](int)
 *fill*         0x0000119a        0x2 
 .text._ZN19MotorGearboxEncoderC2Ev
                0x0000119c       0x34 ./cnc_ctrl_v1.o
                0x0000119c                MotorGearboxEncoder::MotorGearboxEncoder()
                0x0000119c                MotorGearboxEncoder::MotorGearboxEncoder()
 .text._ZN4AxisC2Ev
                0x000011d0       0x2e ./cnc_ctrl_v1.o
                0x000011d0                Axis::Axis()
                0x000011d0                Axis::Axis()
 *fill*         0x000011fe        0x2 
 .text.setup    0x00001200      0x1e4 ./cnc_ctrl_v1.o
                0x00001200                setup
 .text.loop     0x000013e4       0x80 ./cnc_ctrl_v1.o
                0x000013e4                loop
 .text._Z41__static_initialization_and_destruction_0ii
                0x00001464       0x4c ./cnc_ctrl_v1.o
 .text._GLOBAL__sub_I_sys
                0x000014b0       0x10 ./cnc_ctrl_v1.o
 .text._ZSt3absl
                0x000014c0       0x1c ./GCode.o
                0x000014c0                std::abs(long)
 .text._ZSt3absf
                0x000014dc       0x20 ./GCode.o
                0x000014dc                std::abs(float)
 .text._ZSt5hypotff
                0x000014fc       0x28 ./GCode.o
                0x000014fc                std::hypot(float, float)
 .text._ZNK6String6lengthEv
                0x00001524       0x18 ./GCode.o
                0x00001524                String::length() const
 .text._ZNK6StringeqEPKc
                0x0000153c       0x1c ./GCode.o
                0x0000153c                String::operator==(char const*) const
 .text._Z9initGCodev
                0x00001558       0x24 ./GCode.o
                0x00001558                initGCode()
 .text._Z18readSerialCommandsv
                0x0000157c      0x17c ./GCode.o
                0x0000157c                readSerialCommands()
 .text._Z15findEndOfNumberRK6StringRKi
                0x000016f8       0x88 ./GCode.o
                0x000016f8                findEndOfNumber(String const&, int const&)
 .text._Z17extractGcodeValueRK6StringcRKf
                0x00001780       0xa0 ./GCode.o
                0x00001780                extractGcodeValue(String const&, char, float const&)
 .text._Z16executeBcodeLineRK6String
                0x00001820     0x11dc ./GCode.o
                0x00001820                executeBcodeLine(String const&)
 .text._Z16executeGcodeLineRK6String
                0x000029fc      0x250 ./GCode.o
                0x000029fc                executeGcodeLine(String const&)
 .text._Z16executeMcodeLineRK6String
                0x00002c4c      0x100 ./GCode.o
                0x00002c4c                executeMcodeLine(String const&)
 .text._Z20executeOtherCodeLineRK6String
                0x00002d4c       0xb0 ./GCode.o
                0x00002d4c                executeOtherCodeLine(String const&)
 .text._Z10findNextGMRK6StringRKi
                0x00002dfc       0x62 ./GCode.o
                0x00002dfc                findNextGM(String const&, int const&)
 .text._Z21sanitizeCommandStringR6String
                0x00002e5e      0x152 ./GCode.o
                0x00002e5e                sanitizeCommandString(String&)
 .text._Z22interpretCommandStringR6String
                0x00002fb0      0x1cc ./GCode.o
                0x00002fb0                interpretCommandString(String&)
 .text._Z16gcodeExecuteLoopv
                0x0000317c       0x6c ./GCode.o
                0x0000317c                gcodeExecuteLoop()
 .text._Z2G1RK6Stringi
                0x000031e8      0x304 ./GCode.o
                0x000031e8                G1(String const&, int)
 .text._Z2G2RK6Stringi
                0x000034ec      0x438 ./GCode.o
                0x000034ec                G2(String const&, int)
 .text._Z2G4RK6String
                0x00003924      0x11c ./GCode.o
                0x00003924                G4(String const&)
 .text._Z3G10RK6String
                0x00003a40       0x7c ./GCode.o
                0x00003a40                G10(String const&)
 .text._Z3G38RK6String
                0x00003abc      0x3d4 ./GCode.o
                0x00003abc                G38(String const&)
 .text._Z32setInchesToMillimetersConversionf
                0x00003e90       0x20 ./GCode.o
                0x00003e90                setInchesToMillimetersConversion(float)
 .text._Z41__static_initialization_and_destruction_0ii
                0x00003eb0       0x64 ./GCode.o
 .text._GLOBAL__sub_I_incSerialBuffer
                0x00003f14       0x10 ./GCode.o
 .text._ZSt4asinf
                0x00003f24       0x20 ./Kinematics.o
                0x00003f24                std::asin(float)
 .text._ZSt4atanf
                0x00003f44       0x20 ./Kinematics.o
                0x00003f44                std::atan(float)
 .text._ZSt3cosf
                0x00003f64       0x20 ./Kinematics.o
                0x00003f64                std::cos(float)
 .text._ZSt3sinf
                0x00003f84       0x20 ./Kinematics.o
                0x00003f84                std::sin(float)
 .text._ZSt4sqrtf
                0x00003fa4       0x20 ./Kinematics.o
                0x00003fa4                std::sqrt(float)
 .text._ZSt3tanf
                0x00003fc4       0x20 ./Kinematics.o
                0x00003fc4                std::tan(float)
 .text._ZN10KinematicsC2Ev
                0x00003fe4       0x68 ./Kinematics.o
                0x00003fe4                Kinematics::Kinematics()
                0x00003fe4                Kinematics::Kinematics()
 .text._ZN10Kinematics4initEv
                0x0000404c       0x78 ./Kinematics.o
                0x0000404c                Kinematics::init()
 .text._ZN10Kinematics18_verifyValidTargetEPfS0_
                0x000040c4       0xb8 ./Kinematics.o
                0x000040c4                Kinematics::_verifyValidTarget(float*, float*)
 .text._ZN10Kinematics17recomputeGeometryEv
                0x0000417c      0x108 ./Kinematics.o
                0x0000417c                Kinematics::recomputeGeometry()
 .text._ZN10Kinematics7inverseEffPfS0_
                0x00004284       0x50 ./Kinematics.o
                0x00004284                Kinematics::inverse(float, float, float*, float*)
 *fill*         0x000042d4        0x4 
 .text._ZN10Kinematics20quadrilateralInverseEffPfS0_
                0x000042d8      0xb44 ./Kinematics.o
                0x000042d8                Kinematics::quadrilateralInverse(float, float, float*, float*)
 .text._ZSt3powIfiEN9__gnu_cxx11__promote_2IT_T0_NS0_9__promoteIS2_XsrSt12__is_integerIS2_E7__valueEE6__typeENS4_IS3_XsrS5_IS3_E7__valueEE6__typeEE6__typeES2_S3_
                0x00004e1c       0x42 ./Kinematics.o
                0x00004e1c                __gnu_cxx::__promote_2<float, int, __gnu_cxx::__promote<float, std::__is_integer<float>::__value>::__type, __gnu_cxx::__promote<int, std::__is_integer<int>::__value>::__type>::__type std::pow<float, int>(float, int)
 *fill*         0x00004e5e        0x2 
 .text._ZN10Kinematics17triangularInverseEffPfS0_
                0x00004e60      0x5d0 ./Kinematics.o
                0x00004e60                Kinematics::triangularInverse(float, float, float*, float*)
 .text._ZN10Kinematics7forwardERKfS1_PfS2_ff
                0x00005430      0x2ac ./Kinematics.o
                0x00005430                Kinematics::forward(float const&, float const&, float*, float*, float, float)
 .text._ZN10Kinematics8_MatSolvEv
                0x000056dc      0x202 ./Kinematics.o
                0x000056dc                Kinematics::_MatSolv()
 *fill*         0x000058de        0x2 
 .text._ZN10Kinematics7_momentERKfS1_S1_S1_S1_S1_S1_
                0x000058e0      0x138 ./Kinematics.o
                0x000058e0                Kinematics::_moment(float const&, float const&, float const&, float const&, float const&, float const&, float const&)
 .text._ZN10Kinematics7_MyTrigEv
                0x00005a18      0x6e0 ./Kinematics.o
                0x00005a18                Kinematics::_MyTrig()
 .text._ZN10Kinematics11_YOffsetEqnERKfS1_S1_
                0x000060f8       0xa2 ./Kinematics.o
                0x000060f8                Kinematics::_YOffsetEqn(float const&, float const&, float const&)
 .text._ZN6StringpLEc
                0x0000619a       0x20 ./maslowRingBuffer.o
                0x0000619a                String::operator+=(char)
 .text._ZN16maslowRingBufferC2Ev
                0x000061ba       0x22 ./maslowRingBuffer.o
                0x000061ba                maslowRingBuffer::maslowRingBuffer()
                0x000061ba                maslowRingBuffer::maslowRingBuffer()
 .text._ZN16maslowRingBuffer5writeEc
                0x000061dc       0x34 ./maslowRingBuffer.o
                0x000061dc                maslowRingBuffer::write(char)
 .text._ZN16maslowRingBuffer4readEv
                0x00006210       0x42 ./maslowRingBuffer.o
                0x00006210                maslowRingBuffer::read()
 .text._ZN16maslowRingBuffer13numberOfLinesEv
                0x00006252       0x46 ./maslowRingBuffer.o
                0x00006252                maslowRingBuffer::numberOfLines()
 .text._ZN16maslowRingBuffer8readLineER6String
                0x00006298       0x54 ./maslowRingBuffer.o
                0x00006298                maslowRingBuffer::readLine(String&)
 .text._ZN16maslowRingBuffer14prettyReadLineER6String
                0x000062ec       0x26 ./maslowRingBuffer.o
                0x000062ec                maslowRingBuffer::prettyReadLine(String&)
 *fill*         0x00006312        0x2 
 .text._ZN16maslowRingBuffer5printEv
                0x00006314      0x118 ./maslowRingBuffer.o
                0x00006314                maslowRingBuffer::print()
 .text._ZN16maslowRingBuffer19_incrementBeginningEv
                0x0000642c       0x3a ./maslowRingBuffer.o
                0x0000642c                maslowRingBuffer::_incrementBeginning()
 *fill*         0x00006466        0x2 
 .text._ZN16maslowRingBuffer13_incrementEndEv
                0x00006468       0x5c ./maslowRingBuffer.o
                0x00006468                maslowRingBuffer::_incrementEnd()
 .text._ZN16maslowRingBuffer18_incrementVariableEPi
                0x000064c4       0x2e ./maslowRingBuffer.o
                0x000064c4                maslowRingBuffer::_incrementVariable(int*)
 .text._ZN16maslowRingBuffer14spaceAvailableEv
                0x000064f2       0x1c ./maslowRingBuffer.o
                0x000064f2                maslowRingBuffer::spaceAvailable()
 .text._ZN16maslowRingBuffer6lengthEv
                0x0000650e       0x3a ./maslowRingBuffer.o
                0x0000650e                maslowRingBuffer::length()
 .text._ZN16maslowRingBuffer5emptyEv
                0x00006548       0x20 ./maslowRingBuffer.o
                0x00006548                maslowRingBuffer::empty()
 .text._ZSt5atan2ff
                0x00006568       0x28 ./Motion.o
                0x00006568                std::atan2(float, float)
 .text._ZSt4fabsf
                0x00006590       0x20 ./Motion.o
                0x00006590                std::fabs(float)
 .text._ZN6StringpLERKS_
                0x000065b0       0x1c ./Motion.o
                0x000065b0                String::operator+=(String const&)
 .text._ZN15StringSumHelperC2EPKc
                0x000065cc       0x1e ./Motion.o
                0x000065cc                StringSumHelper::StringSumHelper(char const*)
                0x000065cc                StringSumHelper::StringSumHelper(char const*)
 *fill*         0x000065ea        0x2 
 .text._Z10initMotionv
                0x000065ec       0x34 ./Motion.o
                0x000065ec                initMotion()
 .text._Z17calculateFeedrateRKfS0_
                0x00006620       0x68 ./Motion.o
                0x00006620                calculateFeedrate(float const&, float const&)
 .text._Z15computeStepSizeRKf
                0x00006688       0x34 ./Motion.o
                0x00006688                computeStepSize(float const&)
 .text._Z14movementUpdatev
                0x000066bc       0x18 ./Motion.o
                0x000066bc                movementUpdate()
 .text._Z15coordinatedMoveRKfS0_S0_f
                0x000066d4      0x3d4 ./Motion.o
                0x000066d4                coordinatedMove(float const&, float const&, float const&, float)
 .text._Z14singleAxisMoveP4AxisRKfS2_
                0x00006aa8       0xf8 ./Motion.o
                0x00006aa8                singleAxisMove(Axis*, float const&, float const&)
 .text._Z4signd
                0x00006ba0       0x30 ./Motion.o
                0x00006ba0                sign(double)
 .text._Z3arcRKfS0_S0_S0_S0_S0_S0_S0_S0_S0_
                0x00006bd0      0x894 ./Motion.o
                0x00006bd0                arc(float const&, float const&, float const&, float const&, float const&, float const&, float const&, float const&, float const&, float const&)
 .text._Z18motionDetachIfIdlev
                0x00007464       0x28 ./Motion.o
                0x00007464                motionDetachIfIdle()
 .text._ZN5MotorC2Ev
                0x0000748c       0x50 ./Motor.o
                0x0000748c                Motor::Motor()
                0x0000748c                Motor::Motor()
 .text._ZN5Motor10setupMotorERKiS1_S1_
                0x000074dc      0x16c ./Motor.o
                0x000074dc                Motor::setupMotor(int const&, int const&, int const&)
 .text._ZN5Motor6attachEv
                0x00007648       0x1e ./Motor.o
                0x00007648                Motor::attach()
 *fill*         0x00007666        0x2 
 .text._ZN5Motor6detachEv
                0x00007668       0xd0 ./Motor.o
                0x00007668                Motor::detach()
 .text._ZN5Motor9lastSpeedEv
                0x00007738       0x18 ./Motor.o
                0x00007738                Motor::lastSpeed()
 .text._ZN5Motor13additiveWriteEi
                0x00007750       0x24 ./Motor.o
                0x00007750                Motor::additiveWrite(int)
 .text._ZN5Motor5writeEib
                0x00007774      0x454 ./Motor.o
                0x00007774                Motor::write(int, bool)
 .text._ZN5Motor11directWriteEi
                0x00007bc8       0x1c ./Motor.o
                0x00007bc8                Motor::directWrite(int)
 .text._ZN5Motor8attachedEv
                0x00007be4       0x18 ./Motor.o
                0x00007be4                Motor::attached()
 .text._ZN7Encoder5setupEhh
                0x00007bfc       0x1c ./MotorGearboxEncoder.o
                0x00007bfc                Encoder::setup(unsigned char, unsigned char)
 .text._ZN7Encoder11elapsedTimeEv
                0x00007c18       0x26 ./MotorGearboxEncoder.o
                0x00007c18                Encoder::elapsedTime()
 .text._ZN7Encoder12lastStepTimeEv
                0x00007c3e       0x1c ./MotorGearboxEncoder.o
                0x00007c3e                Encoder::lastStepTime()
 .text._ZN19MotorGearboxEncoder5setupERKiS1_S1_S1_S1_RKm
                0x00007c5a       0xca ./MotorGearboxEncoder.o
                0x00007c5a                MotorGearboxEncoder::setup(int const&, int const&, int const&, int const&, int const&, unsigned long const&)
 .text._ZN19MotorGearboxEncoder5writeERKf
                0x00007d24       0x26 ./MotorGearboxEncoder.o
                0x00007d24                MotorGearboxEncoder::write(float const&)
 *fill*         0x00007d4a        0x6 
 .text._ZN19MotorGearboxEncoder13initializePIDERKm
                0x00007d50       0x84 ./MotorGearboxEncoder.o
                0x00007d50                MotorGearboxEncoder::initializePID(unsigned long const&)
 .text._ZN19MotorGearboxEncoder10computePIDEv
                0x00007dd4       0x52 ./MotorGearboxEncoder.o
                0x00007dd4                MotorGearboxEncoder::computePID()
 .text._ZN19MotorGearboxEncoder12setPIDValuesEPfS0_S0_S0_
                0x00007e26       0x50 ./MotorGearboxEncoder.o
                0x00007e26                MotorGearboxEncoder::setPIDValues(float*, float*, float*, float*)
 *fill*         0x00007e76        0x2 
 .text._ZN19MotorGearboxEncoder12getPIDStringEv
                0x00007e78       0xb4 ./MotorGearboxEncoder.o
                0x00007e78                MotorGearboxEncoder::getPIDString()
 .text._ZN19MotorGearboxEncoder8pidStateEv
                0x00007f2c       0x22 ./MotorGearboxEncoder.o
                0x00007f2c                MotorGearboxEncoder::pidState()
 *fill*         0x00007f4e        0x2 
 .text._ZN19MotorGearboxEncoder20setEncoderResolutionEf
                0x00007f50       0x30 ./MotorGearboxEncoder.o
                0x00007f50                MotorGearboxEncoder::setEncoderResolution(float)
 .text._ZN19MotorGearboxEncoder12computeSpeedEv
                0x00007f80      0x208 ./MotorGearboxEncoder.o
                0x00007f80                MotorGearboxEncoder::computeSpeed()
 .text._ZN19MotorGearboxEncoder11cachedSpeedEv
                0x00008188       0x20 ./MotorGearboxEncoder.o
                0x00008188                MotorGearboxEncoder::cachedSpeed()
 .text._ZN19MotorGearboxEncoder7setNameEPc
                0x000081a8       0x1e ./MotorGearboxEncoder.o
                0x000081a8                MotorGearboxEncoder::setName(char*)
 *fill*         0x000081c6        0x2 
 .text._Z10initEEPROMv
                0x000081c8       0x68 ./myEEPROM.o
                0x000081c8                initEEPROM()
 .text._Z9readFloatRK6StringRhRf
                0x00008230      0x208 ./NutsAndBolts.o
                0x00008230                readFloat(String const&, unsigned char&, float&)
 .text._ZN3PIDC2Ev
                0x00008438       0x2a ./PID_v1.o
                0x00008438                PID::PID()
                0x00008438                PID::PID()
 *fill*         0x00008462        0x6 
 .text._ZN3PID5setupEPVdS1_S1_PfS2_S2_S2_RKi
                0x00008468       0x90 ./PID_v1.o
                0x00008468                PID::setup(double volatile*, double volatile*, double volatile*, float*, float*, float*, float*, int const&)
 .text._ZN3PID7ComputeEv
                0x000084f8      0x1d2 ./PID_v1.o
                0x000084f8                PID::Compute()
 *fill*         0x000086ca        0x2 
 .text._ZN3PID10SetTuningsEPfS0_S0_S0_
                0x000086cc      0x1e4 ./PID_v1.o
                0x000086cc                PID::SetTunings(float*, float*, float*, float*)
 .text._ZN3PID13SetSampleTimeERKi
                0x000088b0       0x80 ./PID_v1.o
                0x000088b0                PID::SetSampleTime(int const&)
 .text._ZN3PID15SetOutputLimitsERKdS1_
                0x00008930       0xf8 ./PID_v1.o
                0x00008930                PID::SetOutputLimits(double const&, double const&)
 .text._ZN3PID7SetModeERKi
                0x00008a28       0x44 ./PID_v1.o
                0x00008a28                PID::SetMode(int const&)
 .text._ZN3PID10InitializeEv
                0x00008a6c       0x7c ./PID_v1.o
                0x00008a6c                PID::Initialize()
 .text._ZN3PID22SetControllerDirectionERKi
                0x00008ae8       0x90 ./PID_v1.o
                0x00008ae8                PID::SetControllerDirection(int const&)
 .text._ZN3PID8pidStateEv
                0x00008b78       0x78 ./PID_v1.o
                0x00008b78                PID::pidState()
 .text._Z18checkForProbeTouchRKi
                0x00008bf0       0x44 ./Probe.o
                0x00008bf0                checkForProbeTouch(int const&)
 .text._Z19reportStatusMessageh
                0x00008c34       0xc8 ./Report.o
                0x00008c34                reportStatusMessage(unsigned char)
 .text._Z21reportFeedbackMessageh
                0x00008cfc       0x44 ./Report.o
                0x00008cfc                reportFeedbackMessage(unsigned char)
 .text._Z18reportAlarmMessageh
                0x00008d40       0xa0 ./Report.o
                0x00008d40                reportAlarmMessage(unsigned char)
 .text._Z20reportMaslowSettingsv
                0x00008de0      0x614 ./Report.o
                0x00008de0                reportMaslowSettings()
 .text._Z11returnErrorv
                0x000093f4      0x110 ./Report.o
                0x000093f4                returnError()
 .text._Z9returnPozv
                0x00009504      0x140 ./Report.o
                0x00009504                returnPoz()
 .text._Z16reportMaslowHelpv
                0x00009644       0x3c ./Report.o
                0x00009644                reportMaslowHelp()
 .text._ZN5EERef6updateEh
                0x00009680       0x34 ./Settings.o
                0x00009680                EERef::update(unsigned char)
 .text._ZN5EEPtrC2Ei
                0x000096b4       0x1e ./Settings.o
                0x000096b4                EEPtr::EEPtr(int)
                0x000096b4                EEPtr::EEPtr(int)
 .text._ZN5EEPtrdeEv
                0x000096d2       0x22 ./Settings.o
                0x000096d2                EEPtr::operator*()
 .text._ZN5EEPtrppEv
                0x000096f4       0x20 ./Settings.o
                0x000096f4                EEPtr::operator++()
 .text._ZN11EEPROMClass4readEi
                0x00009714       0x2a ./Settings.o
                0x00009714                EEPROMClass::read(int)
 .text._ZN11EEPROMClass5writeEih
                0x0000973e       0x30 ./Settings.o
                0x0000973e                EEPROMClass::write(int, unsigned char)
 .text._ZN11EEPROMClass6lengthEv
                0x0000976e       0x1c ./Settings.o
                0x0000976e                EEPROMClass::length()
 *fill*         0x0000978a        0x2 
 .text._Z22settingsLoadFromEEpromv
                0x0000978c       0xc8 ./Settings.o
                0x0000978c                settingsLoadFromEEprom()
 .text._Z13settingsResetv
                0x00009854      0x1a4 ./Settings.o
                0x00009854                settingsReset()
 .text._Z12settingsWipeh
                0x000099f8       0xac ./Settings.o
                0x000099f8                settingsWipe(unsigned char)
 .text._Z20settingsSaveToEEpromv
                0x00009aa4       0x3c ./Settings.o
                0x00009aa4                settingsSaveToEEprom()
 .text._Z25settingsSaveStepstoEEpromv
                0x00009ae0       0x70 ./Settings.o
                0x00009ae0                settingsSaveStepstoEEprom()
 .text._Z27settingsLoadStepsFromEEpromv
                0x00009b50      0x100 ./Settings.o
                0x00009b50                settingsLoadStepsFromEEprom()
 .text._Z20settingsLoadOldStepsv
                0x00009c50       0xb0 ./Settings.o
                0x00009c50                settingsLoadOldSteps()
 .text._Z26settingsStoreGlobalSettingRKhRKf
                0x00009d00      0x638 ./Settings.o
                0x00009d00                settingsStoreGlobalSetting(unsigned char const&, float const&)
 .text._ZN11EEPROMClass3getI17settingsVersion_tEERT_iS3_
                0x0000a338       0x64 ./Settings.o
                0x0000a338                settingsVersion_t& EEPROMClass::get<settingsVersion_t>(int, settingsVersion_t&)
 .text._ZN11EEPROMClass3getI10settings_tEERT_iS3_
                0x0000a39c       0x64 ./Settings.o
                0x0000a39c                settings_t& EEPROMClass::get<settings_t>(int, settings_t&)
 .text._ZN11EEPROMClass3putI17settingsVersion_tEERKT_iS4_
                0x0000a400       0x64 ./Settings.o
                0x0000a400                settingsVersion_t const& EEPROMClass::put<settingsVersion_t>(int, settingsVersion_t const&)
 .text._ZN11EEPROMClass3putI10settings_tEERKT_iS4_
                0x0000a464       0x64 ./Settings.o
                0x0000a464                settings_t const& EEPROMClass::put<settings_t>(int, settings_t const&)
 .text._ZN11EEPROMClass3putI17settingsStepsV1_tEERKT_iS4_
                0x0000a4c8       0x64 ./Settings.o
                0x0000a4c8                settingsStepsV1_t const& EEPROMClass::put<settingsStepsV1_t>(int, settingsStepsV1_t const&)
 .text._ZN11EEPROMClass3getIfEERT_iS2_
                0x0000a52c       0x64 ./Settings.o
                0x0000a52c                float& EEPROMClass::get<float>(int, float&)
 .text._ZN5PrintC2Ev
                0x0000a590       0x28 ./SimavrSerial.o
                0x0000a590                Print::Print()
                0x0000a590                Print::Print()
 .text._ZN5Print17availableForWriteEv
                0x0000a5b8       0x16 ./SimavrSerial.o
                0x0000a5b8                Print::availableForWrite()
 .text._ZN5Print5flushEv
                0x0000a5ce       0x14 ./SimavrSerial.o
                0x0000a5ce                Print::flush()
 *fill*         0x0000a5e2        0x2 
 .text._ZN13SimavrSerial_C2Ev
                0x0000a5e4       0x24 ./SimavrSerial.o
                0x0000a5e4                SimavrSerial_::SimavrSerial_()
                0x0000a5e4                SimavrSerial_::SimavrSerial_()
 .text._ZN13SimavrSerial_5writeEh
                0x0000a608       0x2c ./SimavrSerial.o
                0x0000a608                SimavrSerial_::write(unsigned char)
 .text._ZN13SimavrSerial_9availableEv
                0x0000a634       0x1c ./SimavrSerial.o
                0x0000a634                SimavrSerial_::available()
 .text._ZN13SimavrSerial_4readEv
                0x0000a650       0x1c ./SimavrSerial.o
                0x0000a650                SimavrSerial_::read()
 .text._Z41__static_initialization_and_destruction_0ii
                0x0000a66c       0x2c ./SimavrSerial.o
 .text._GLOBAL__sub_I_SimavrSerial
                0x0000a698       0x10 ./SimavrSerial.o
 .text._Z15setSpindlePowerb
                0x0000a6a8      0x184 ./Spindle.o
                0x0000a6a8                setSpindlePower(bool)
 .text._Z7laserOnv
                0x0000a82c       0x38 ./Spindle.o
                0x0000a82c                laserOn()
 .text._Z8laserOffv
                0x0000a864       0x38 ./Spindle.o
                0x0000a864                laserOff()
 .text._Z41__static_initialization_and_destruction_0ii
                0x0000a89c       0x2c ./Spindle.o
 .text._GLOBAL__sub_I_myservo
                0x0000a8c8       0x10 ./Spindle.o
 .text._Z21calibrateChainLengths6String
                0x0000a8d8      0x184 ./System.o
                0x0000a8d8                calibrateChainLengths(String)
 .text._Z9setupAxesv
                0x0000aa5c      0x7d0 ./System.o
                0x0000aa5c                setupAxes()
 .text._Z13getPCBVersionv
                0x0000b22c      0x22c ./System.o
                0x0000b22c                getPCBVersion()
 .text._Z16setPWMPrescalersi
                0x0000b458       0x14 ./System.o
                0x0000b458                setPWMPrescalers(int)
 .text._Z5pausev
                0x0000b46c       0x44 ./System.o
                0x0000b46c                pause()
 .text._Z11maslowDelaym
                0x0000b4b0       0x44 ./System.o
                0x0000b4b0                maslowDelay(unsigned long)
 .text._Z18execSystemRealtimev
                0x0000b4f4       0x18 ./System.o
                0x0000b4f4                execSystemRealtime()
 .text._Z22systemSaveAxesPositionv
                0x0000b50c       0x68 ./System.o
                0x0000b50c                systemSaveAxesPosition()
 .text._Z11systemResetv
                0x0000b574       0x40 ./System.o
                0x0000b574                systemReset()
 .text._Z22systemExecuteCmdstringR6String
                0x0000b5b4      0x248 ./System.o
                0x0000b5b4                systemExecuteCmdstring(String&)
 *fill*         0x0000b7fc        0x4 
 .text._Z15PIDTestVelocityP4Axisffff
                0x0000b800      0x2b0 ./Testing.o
                0x0000b800                PIDTestVelocity(Axis*, float, float, float, float)
 .text._Z17positionPIDOutputP4Axisff
                0x0000bab0       0xf4 ./Testing.o
                0x0000bab0                positionPIDOutput(Axis*, float, float)
 .text._Z15PIDTestPositionP4Axisfffff
                0x0000bba4      0x2d8 ./Testing.o
                0x0000bba4                PIDTestPosition(Axis*, float, float, float, float, float)
 .text._Z11voltageTestP4Axisii
                0x0000be7c      0x184 ./Testing.o
                0x0000be7c                voltageTest(Axis*, int, int)
 .text._Z12IntMast_enabv
                0x0000c000       0x18 ./timer_isr.o
                0x0000c000                IntMast_enab()
 .text._Z16Timer3IntHandlerv
                0x0000c018       0xc0 ./timer_isr.o
                0x0000c018                Timer3IntHandler()
 .text._Z12setup_timersv
                0x0000c0d8       0xc0 ./timer_isr.o
                0x0000c0d8                setup_timers()
 .text._Z7LED_setii
                0x0000c198       0x50 ./timer_isr.o
                0x0000c198                LED_set(int, int)
 .text._ZL24calculatePeriodRemainderv
                0x0000c1e8       0x54 ./utility/Servo.o
 .text._ZL9initServov
                0x0000c23c      0x12c ./utility/Servo.o
 .text._ZN5ServoC2Ev
                0x0000c368       0x78 ./utility/Servo.o
                0x0000c368                Servo::Servo()
                0x0000c368                Servo::Servo()
 .text._ZN5Servo17writeMicrosecondsEi
                0x0000c3e0       0x50 ./utility/Servo.o
                0x0000c3e0                Servo::writeMicroseconds(int)
 .text._ZN5Servo5writeEi
                0x0000c430       0x4e ./utility/Servo.o
                0x0000c430                Servo::write(int)
 *fill*         0x0000c47e        0x2 
 .text._ZN5Servo6attachEjii
                0x0000c480       0x70 ./utility/Servo.o
                0x0000c480                Servo::attach(unsigned int, int, int)
 .text._ZN5Servo6detachEv
                0x0000c4f0       0x64 ./utility/Servo.o
                0x0000c4f0                Servo::detach()
 .text.ServoIntHandler
                0x0000c554      0x130 ./utility/Servo.o
                0x0000c554                ServoIntHandler
 .text.NmiSR    0x0000c684        0x2 C:/ti/workspace_v11/tivac_EK-TM4C123GXL_core/Debug\libtivac_EK-TM4C123GXL_core.a(startup_gcc.o)
 .text.FaultISR
                0x0000c686        0x2 C:/ti/workspace_v11/tivac_EK-TM4C123GXL_core/Debug\libtivac_EK-TM4C123GXL_core.a(startup_gcc.o)
 .text.IntDefaultHandler
                0x0000c688        0x2 C:/ti/workspace_v11/tivac_EK-TM4C123GXL_core/Debug\libtivac_EK-TM4C123GXL_core.a(startup_gcc.o)
 *fill*         0x0000c68a        0x2 
 .text.ResetISR
                0x0000c68c       0x98 C:/ti/workspace_v11/tivac_EK-TM4C123GXL_core/Debug\libtivac_EK-TM4C123GXL_core.a(startup_gcc.o)
                0x0000c68c                ResetISR
 .text.I2CIntHandler
                0x0000c724        0x2 C:/ti/workspace_v11/tivac_EK-TM4C123GXL_core/Debug\libtivac_EK-TM4C123GXL_core.a(startup_gcc.o)
                0x0000c724                I2CIntHandler
 .text.ToneIntHandler
                0x0000c726        0x2 C:/ti/workspace_v11/tivac_EK-TM4C123GXL_core/Debug\libtivac_EK-TM4C123GXL_core.a(startup_gcc.o)
                0x0000c726                ToneIntHandler
 .text._sbrk    0x0000c728       0x28 C:/ti/workspace_v11/tivac_EK-TM4C123GXL_core/Debug\libtivac_EK-TM4C123GXL_core.a(startup_gcc.o)
                0x0000c728                _sbrk
 .text.GPIOXIntHandler
                0x0000c750       0x30 C:/ti/workspace_v11/tivac_EK-TM4C123GXL_core/Debug\libtivac_EK-TM4C123GXL_core.a(WInterrupts.o)
                0x0000c750                GPIOXIntHandler
 .text.GPIOAIntHandler
                0x0000c780       0x10 C:/ti/workspace_v11/tivac_EK-TM4C123GXL_core/Debug\libtivac_EK-TM4C123GXL_core.a(WInterrupts.o)
                0x0000c780                GPIOAIntHandler
 .text.GPIOBIntHandler
                0x0000c790       0x10 C:/ti/workspace_v11/tivac_EK-TM4C123GXL_core/Debug\libtivac_EK-TM4C123GXL_core.a(WInterrupts.o)
                0x0000c790                GPIOBIntHandler
 .text.GPIOCIntHandler
                0x0000c7a0       0x10 C:/ti/workspace_v11/tivac_EK-TM4C123GXL_core/Debug\libtivac_EK-TM4C123GXL_core.a(WInterrupts.o)
                0x0000c7a0                GPIOCIntHandler
 .text.GPIODIntHandler
                0x0000c7b0       0x10 C:/ti/workspace_v11/tivac_EK-TM4C123GXL_core/Debug\libtivac_EK-TM4C123GXL_core.a(WInterrupts.o)
                0x0000c7b0                GPIODIntHandler
 .text.GPIOEIntHandler
                0x0000c7c0       0x10 C:/ti/workspace_v11/tivac_EK-TM4C123GXL_core/Debug\libtivac_EK-TM4C123GXL_core.a(WInterrupts.o)
                0x0000c7c0                GPIOEIntHandler
 .text.GPIOFIntHandler
                0x0000c7d0       0x10 C:/ti/workspace_v11/tivac_EK-TM4C123GXL_core/Debug\libtivac_EK-TM4C123GXL_core.a(WInterrupts.o)
                0x0000c7d0                GPIOFIntHandler
 .text.GPIOGIntHandler
                0x0000c7e0       0x10 C:/ti/workspace_v11/tivac_EK-TM4C123GXL_core/Debug\libtivac_EK-TM4C123GXL_core.a(WInterrupts.o)
                0x0000c7e0                GPIOGIntHandler
 .text.GPIOHIntHandler
                0x0000c7f0       0x10 C:/ti/workspace_v11/tivac_EK-TM4C123GXL_core/Debug\libtivac_EK-TM4C123GXL_core.a(WInterrupts.o)
                0x0000c7f0                GPIOHIntHandler
 .text.GPIOJIntHandler
                0x0000c800       0x10 C:/ti/workspace_v11/tivac_EK-TM4C123GXL_core/Debug\libtivac_EK-TM4C123GXL_core.a(WInterrupts.o)
                0x0000c800                GPIOJIntHandler
 .text.GPIOKIntHandler
                0x0000c810       0x10 C:/ti/workspace_v11/tivac_EK-TM4C123GXL_core/Debug\libtivac_EK-TM4C123GXL_core.a(WInterrupts.o)
                0x0000c810                GPIOKIntHandler
 .text.GPIOLIntHandler
                0x0000c820       0x10 C:/ti/workspace_v11/tivac_EK-TM4C123GXL_core/Debug\libtivac_EK-TM4C123GXL_core.a(WInterrupts.o)
                0x0000c820                GPIOLIntHandler
 .text.GPIOMIntHandler
                0x0000c830       0x10 C:/ti/workspace_v11/tivac_EK-TM4C123GXL_core/Debug\libtivac_EK-TM4C123GXL_core.a(WInterrupts.o)
                0x0000c830                GPIOMIntHandler
 .text.GPIONIntHandler
                0x0000c840       0x10 C:/ti/workspace_v11/tivac_EK-TM4C123GXL_core/Debug\libtivac_EK-TM4C123GXL_core.a(WInterrupts.o)
                0x0000c840                GPIONIntHandler
 .text.GPIOPIntHandler
                0x0000c850       0x10 C:/ti/workspace_v11/tivac_EK-TM4C123GXL_core/Debug\libtivac_EK-TM4C123GXL_core.a(WInterrupts.o)
                0x0000c850                GPIOPIntHandler
 .text.GPIOQIntHandler
                0x0000c860       0x10 C:/ti/workspace_v11/tivac_EK-TM4C123GXL_core/Debug\libtivac_EK-TM4C123GXL_core.a(WInterrupts.o)
                0x0000c860                GPIOQIntHandler
 .text.timerInit
                0x0000c870       0x64 C:/ti/workspace_v11/tivac_EK-TM4C123GXL_core/Debug\libtivac_EK-TM4C123GXL_core.a(wiring.o)
                0x0000c870                timerInit
 .text.micros   0x0000c8d4       0x2c C:/ti/workspace_v11/tivac_EK-TM4C123GXL_core/Debug\libtivac_EK-TM4C123GXL_core.a(wiring.o)
                0x0000c8d4                micros
 .text.millis   0x0000c900        0xc C:/ti/workspace_v11/tivac_EK-TM4C123GXL_core/Debug\libtivac_EK-TM4C123GXL_core.a(wiring.o)
                0x0000c900                millis
 .text.SysTickIntHandler
                0x0000c90c       0x2c C:/ti/workspace_v11/tivac_EK-TM4C123GXL_core/Debug\libtivac_EK-TM4C123GXL_core.a(wiring.o)
                0x0000c90c                SysTickIntHandler
 .text.getTimerBase
                0x0000c938       0x26 C:/ti/workspace_v11/tivac_EK-TM4C123GXL_core/Debug\libtivac_EK-TM4C123GXL_core.a(wiring_analog.o)
                0x0000c938                getTimerBase
 *fill*         0x0000c95e        0x2 
 .text.enableTimerPeriph
                0x0000c960       0x24 C:/ti/workspace_v11/tivac_EK-TM4C123GXL_core/Debug\libtivac_EK-TM4C123GXL_core.a(wiring_analog.o)
                0x0000c960                enableTimerPeriph
 .text.PWMWrite
                0x0000c984      0x140 C:/ti/workspace_v11/tivac_EK-TM4C123GXL_core/Debug\libtivac_EK-TM4C123GXL_core.a(wiring_analog.o)
                0x0000c984                PWMWrite
 .text.analogWrite
                0x0000cac4        0xc C:/ti/workspace_v11/tivac_EK-TM4C123GXL_core/Debug\libtivac_EK-TM4C123GXL_core.a(wiring_analog.o)
                0x0000cac4                analogWrite
 .text.pinMode  0x0000cad0       0xa4 C:/ti/workspace_v11/tivac_EK-TM4C123GXL_core/Debug\libtivac_EK-TM4C123GXL_core.a(wiring_digital.o)
                0x0000cad0                pinMode
 .text.digitalRead
                0x0000cb74       0x38 C:/ti/workspace_v11/tivac_EK-TM4C123GXL_core/Debug\libtivac_EK-TM4C123GXL_core.a(wiring_digital.o)
                0x0000cb74                digitalRead
 .text.digitalWrite
                0x0000cbac       0x3c C:/ti/workspace_v11/tivac_EK-TM4C123GXL_core/Debug\libtivac_EK-TM4C123GXL_core.a(wiring_digital.o)
                0x0000cbac                digitalWrite
 .text._ZN14HardwareSerial4peekEv
                0x0000cbe8       0x14 C:/ti/workspace_v11/tivac_EK-TM4C123GXL_core/Debug\libtivac_EK-TM4C123GXL_core.a(HardwareSerial.o)
                0x0000cbe8                HardwareSerial::peek()
 .text._ZN14HardwareSerial4readEv
                0x0000cbfc       0x2a C:/ti/workspace_v11/tivac_EK-TM4C123GXL_core/Debug\libtivac_EK-TM4C123GXL_core.a(HardwareSerial.o)
                0x0000cbfc                HardwareSerial::read()
 *fill*         0x0000cc26        0x2 
 .text._ZN14HardwareSerial5flushEv
                0x0000cc28       0x2c C:/ti/workspace_v11/tivac_EK-TM4C123GXL_core/Debug\libtivac_EK-TM4C123GXL_core.a(HardwareSerial.o)
                0x0000cc28                HardwareSerial::flush()
 .text._ZN14HardwareSerial9availableEv
                0x0000cc54       0x1a C:/ti/workspace_v11/tivac_EK-TM4C123GXL_core/Debug\libtivac_EK-TM4C123GXL_core.a(HardwareSerial.o)
                0x0000cc54                HardwareSerial::available()
 *fill*         0x0000cc6e        0x2 
 .text._ZN14HardwareSerialC2Ev
                0x0000cc70       0x30 C:/ti/workspace_v11/tivac_EK-TM4C123GXL_core/Debug\libtivac_EK-TM4C123GXL_core.a(HardwareSerial.o)
                0x0000cc70                HardwareSerial::HardwareSerial()
                0x0000cc70                HardwareSerial::HardwareSerial()
 .text._ZN14HardwareSerialC2Em
                0x0000cca0       0x30 C:/ti/workspace_v11/tivac_EK-TM4C123GXL_core/Debug\libtivac_EK-TM4C123GXL_core.a(HardwareSerial.o)
                0x0000cca0                HardwareSerial::HardwareSerial(unsigned long)
                0x0000cca0                HardwareSerial::HardwareSerial(unsigned long)
 .text._ZN14HardwareSerial8flushAllEv
                0x0000ccd0       0x34 C:/ti/workspace_v11/tivac_EK-TM4C123GXL_core/Debug\libtivac_EK-TM4C123GXL_core.a(HardwareSerial.o)
                0x0000ccd0                HardwareSerial::flushAll()
 .text._ZN14HardwareSerial13primeTransmitEm
                0x0000cd04       0x80 C:/ti/workspace_v11/tivac_EK-TM4C123GXL_core/Debug\libtivac_EK-TM4C123GXL_core.a(HardwareSerial.o)
                0x0000cd04                HardwareSerial::primeTransmit(unsigned long)
 .text._ZN14HardwareSerial5writeEh
                0x0000cd84       0x60 C:/ti/workspace_v11/tivac_EK-TM4C123GXL_core/Debug\libtivac_EK-TM4C123GXL_core.a(HardwareSerial.o)
                0x0000cd84                HardwareSerial::write(unsigned char)
 .text._ZN14HardwareSerial5beginEm
                0x0000cde4      0x110 C:/ti/workspace_v11/tivac_EK-TM4C123GXL_core/Debug\libtivac_EK-TM4C123GXL_core.a(HardwareSerial.o)
                0x0000cde4                HardwareSerial::begin(unsigned long)
 .text._ZN14HardwareSerial14UARTIntHandlerEv
                0x0000cef4       0xd4 C:/ti/workspace_v11/tivac_EK-TM4C123GXL_core/Debug\libtivac_EK-TM4C123GXL_core.a(HardwareSerial.o)
                0x0000cef4                HardwareSerial::UARTIntHandler()
 .text.UARTIntHandler
                0x0000cfc8        0xc C:/ti/workspace_v11/tivac_EK-TM4C123GXL_core/Debug\libtivac_EK-TM4C123GXL_core.a(HardwareSerial.o)
                0x0000cfc8                UARTIntHandler
 .text.UARTIntHandler1
                0x0000cfd4        0xc C:/ti/workspace_v11/tivac_EK-TM4C123GXL_core/Debug\libtivac_EK-TM4C123GXL_core.a(HardwareSerial.o)
                0x0000cfd4                UARTIntHandler1
 .text.UARTIntHandler2
                0x0000cfe0        0xc C:/ti/workspace_v11/tivac_EK-TM4C123GXL_core/Debug\libtivac_EK-TM4C123GXL_core.a(HardwareSerial.o)
                0x0000cfe0                UARTIntHandler2
 .text.UARTIntHandler3
                0x0000cfec        0xc C:/ti/workspace_v11/tivac_EK-TM4C123GXL_core/Debug\libtivac_EK-TM4C123GXL_core.a(HardwareSerial.o)
                0x0000cfec                UARTIntHandler3
 .text.UARTIntHandler4
                0x0000cff8        0xc C:/ti/workspace_v11/tivac_EK-TM4C123GXL_core/Debug\libtivac_EK-TM4C123GXL_core.a(HardwareSerial.o)
                0x0000cff8                UARTIntHandler4
 .text.UARTIntHandler5
                0x0000d004        0xc C:/ti/workspace_v11/tivac_EK-TM4C123GXL_core/Debug\libtivac_EK-TM4C123GXL_core.a(HardwareSerial.o)
                0x0000d004                UARTIntHandler5
 .text.UARTIntHandler6
                0x0000d010        0xc C:/ti/workspace_v11/tivac_EK-TM4C123GXL_core/Debug\libtivac_EK-TM4C123GXL_core.a(HardwareSerial.o)
                0x0000d010                UARTIntHandler6
 .text.UARTIntHandler7
                0x0000d01c        0xc C:/ti/workspace_v11/tivac_EK-TM4C123GXL_core/Debug\libtivac_EK-TM4C123GXL_core.a(HardwareSerial.o)
                0x0000d01c                UARTIntHandler7
 .text._Z11serialEventv
                0x0000d028        0x2 C:/ti/workspace_v11/tivac_EK-TM4C123GXL_core/Debug\libtivac_EK-TM4C123GXL_core.a(HardwareSerial.o)
                0x0000d028                serialEvent()
 .text._Z12serialEvent1v
                0x0000d02a        0x2 C:/ti/workspace_v11/tivac_EK-TM4C123GXL_core/Debug\libtivac_EK-TM4C123GXL_core.a(HardwareSerial.o)
                0x0000d02a                serialEvent1()
 .text._Z12serialEvent2v
                0x0000d02c        0x2 C:/ti/workspace_v11/tivac_EK-TM4C123GXL_core/Debug\libtivac_EK-TM4C123GXL_core.a(HardwareSerial.o)
                0x0000d02c                serialEvent2()
 .text._Z12serialEvent3v
                0x0000d02e        0x2 C:/ti/workspace_v11/tivac_EK-TM4C123GXL_core/Debug\libtivac_EK-TM4C123GXL_core.a(HardwareSerial.o)
                0x0000d02e                serialEvent3()
 .text._Z12serialEvent4v
                0x0000d030        0x2 C:/ti/workspace_v11/tivac_EK-TM4C123GXL_core/Debug\libtivac_EK-TM4C123GXL_core.a(HardwareSerial.o)
                0x0000d030                serialEvent4()
 .text._Z12serialEvent5v
                0x0000d032        0x2 C:/ti/workspace_v11/tivac_EK-TM4C123GXL_core/Debug\libtivac_EK-TM4C123GXL_core.a(HardwareSerial.o)
                0x0000d032                serialEvent5()
 .text._Z12serialEvent6v
                0x0000d034        0x2 C:/ti/workspace_v11/tivac_EK-TM4C123GXL_core/Debug\libtivac_EK-TM4C123GXL_core.a(HardwareSerial.o)
                0x0000d034                serialEvent6()
 .text._Z12serialEvent7v
                0x0000d036        0x2 C:/ti/workspace_v11/tivac_EK-TM4C123GXL_core/Debug\libtivac_EK-TM4C123GXL_core.a(HardwareSerial.o)
                0x0000d036                serialEvent7()
 .text._Z14serialEventRunv
                0x0000d038       0x84 C:/ti/workspace_v11/tivac_EK-TM4C123GXL_core/Debug\libtivac_EK-TM4C123GXL_core.a(HardwareSerial.o)
                0x0000d038                serialEventRun()
 .text.startup._GLOBAL__sub_I__ZN14HardwareSerialC2Ev
                0x0000d0bc       0x64 C:/ti/workspace_v11/tivac_EK-TM4C123GXL_core/Debug\libtivac_EK-TM4C123GXL_core.a(HardwareSerial.o)
 .text._init    0x0000d120      0x140 C:/ti/workspace_v11/tivac_EK-TM4C123GXL_core/Debug\libtivac_EK-TM4C123GXL_core.a(main.o)
                0x0000d120                _init
 .text.startup.main
                0x0000d260       0x1c C:/ti/workspace_v11/tivac_EK-TM4C123GXL_core/Debug\libtivac_EK-TM4C123GXL_core.a(main.o)
                0x0000d260                main
 .text._ZN5Print5writeEPKhj
                0x0000d27c       0x22 C:/ti/workspace_v11/tivac_EK-TM4C123GXL_core/Debug\libtivac_EK-TM4C123GXL_core.a(Print.o)
                0x0000d27c                Print::write(unsigned char const*, unsigned int)
 .text._ZN5Print5writeEPKc
                0x0000d29e       0x20 C:/ti/workspace_v11/tivac_EK-TM4C123GXL_core/Debug\libtivac_EK-TM4C123GXL_core.a(Print.o)
                0x0000d29e                Print::write(char const*)
 .text._ZN5Print5printEPK19__FlashStringHelper
                0x0000d2be       0x20 C:/ti/workspace_v11/tivac_EK-TM4C123GXL_core/Debug\libtivac_EK-TM4C123GXL_core.a(Print.o)
                0x0000d2be                Print::print(__FlashStringHelper const*)
 .text._ZN5Print5printERK6String
                0x0000d2de        0xa C:/ti/workspace_v11/tivac_EK-TM4C123GXL_core/Debug\libtivac_EK-TM4C123GXL_core.a(Print.o)
                0x0000d2de                Print::print(String const&)
 .text._ZN5Print5printEPKc
                0x0000d2e8        0x8 C:/ti/workspace_v11/tivac_EK-TM4C123GXL_core/Debug\libtivac_EK-TM4C123GXL_core.a(Print.o)
                0x0000d2e8                Print::print(char const*)
 .text._ZN5Print5printEc
                0x0000d2f0        0x6 C:/ti/workspace_v11/tivac_EK-TM4C123GXL_core/Debug\libtivac_EK-TM4C123GXL_core.a(Print.o)
                0x0000d2f0                Print::print(char)
 *fill*         0x0000d2f6        0x2 
 .text._ZN5Print7printlnEv
                0x0000d2f8       0x10 C:/ti/workspace_v11/tivac_EK-TM4C123GXL_core/Debug\libtivac_EK-TM4C123GXL_core.a(Print.o)
                0x0000d2f8                Print::println()
 .text._ZN5Print7printlnEPK19__FlashStringHelper
                0x0000d308       0x14 C:/ti/workspace_v11/tivac_EK-TM4C123GXL_core/Debug\libtivac_EK-TM4C123GXL_core.a(Print.o)
                0x0000d308                Print::println(__FlashStringHelper const*)
 .text._ZN5Print7printlnERK6String
                0x0000d31c       0x14 C:/ti/workspace_v11/tivac_EK-TM4C123GXL_core/Debug\libtivac_EK-TM4C123GXL_core.a(Print.o)
                0x0000d31c                Print::println(String const&)
 .text._ZN5Print7printlnEPKc
                0x0000d330       0x14 C:/ti/workspace_v11/tivac_EK-TM4C123GXL_core/Debug\libtivac_EK-TM4C123GXL_core.a(Print.o)
                0x0000d330                Print::println(char const*)
 .text._ZN5Print11printNumberEmh
                0x0000d344       0x3c C:/ti/workspace_v11/tivac_EK-TM4C123GXL_core/Debug\libtivac_EK-TM4C123GXL_core.a(Print.o)
                0x0000d344                Print::printNumber(unsigned long, unsigned char)
 .text._ZN5Print5printEli
                0x0000d380       0x44 C:/ti/workspace_v11/tivac_EK-TM4C123GXL_core/Debug\libtivac_EK-TM4C123GXL_core.a(Print.o)
                0x0000d380                Print::print(long, int)
 .text._ZN5Print5printEii
                0x0000d3c4        0x4 C:/ti/workspace_v11/tivac_EK-TM4C123GXL_core/Debug\libtivac_EK-TM4C123GXL_core.a(Print.o)
                0x0000d3c4                Print::print(int, int)
 .text._ZN5Print7printlnEii
                0x0000d3c8       0x14 C:/ti/workspace_v11/tivac_EK-TM4C123GXL_core/Debug\libtivac_EK-TM4C123GXL_core.a(Print.o)
                0x0000d3c8                Print::println(int, int)
 .text._ZN5Print5printEmi
                0x0000d3dc       0x1a C:/ti/workspace_v11/tivac_EK-TM4C123GXL_core/Debug\libtivac_EK-TM4C123GXL_core.a(Print.o)
                0x0000d3dc                Print::print(unsigned long, int)
 .text._ZN5Print5printEhi
                0x0000d3f6        0x4 C:/ti/workspace_v11/tivac_EK-TM4C123GXL_core/Debug\libtivac_EK-TM4C123GXL_core.a(Print.o)
                0x0000d3f6                Print::print(unsigned char, int)
 .text._ZN5Print7printlnEhi
                0x0000d3fa       0x14 C:/ti/workspace_v11/tivac_EK-TM4C123GXL_core/Debug\libtivac_EK-TM4C123GXL_core.a(Print.o)
                0x0000d3fa                Print::println(unsigned char, int)
 .text._ZN5Print5printEji
                0x0000d40e        0x4 C:/ti/workspace_v11/tivac_EK-TM4C123GXL_core/Debug\libtivac_EK-TM4C123GXL_core.a(Print.o)
                0x0000d40e                Print::print(unsigned int, int)
 *fill*         0x0000d412        0x2 
 .text._ZN5Print10printFloatEdh
                0x0000d414      0x16c C:/ti/workspace_v11/tivac_EK-TM4C123GXL_core/Debug\libtivac_EK-TM4C123GXL_core.a(Print.o)
                0x0000d414                Print::printFloat(double, unsigned char)
 .text._ZN5Print5printEdi
                0x0000d580        0x6 C:/ti/workspace_v11/tivac_EK-TM4C123GXL_core/Debug\libtivac_EK-TM4C123GXL_core.a(Print.o)
                0x0000d580                Print::print(double, int)
 .text._ZN5Print7printlnEdi
                0x0000d586       0x16 C:/ti/workspace_v11/tivac_EK-TM4C123GXL_core/Debug\libtivac_EK-TM4C123GXL_core.a(Print.o)
                0x0000d586                Print::println(double, int)
 .text._Z6randoml
                0x0000d59c       0x16 C:/ti/workspace_v11/tivac_EK-TM4C123GXL_core/Debug\libtivac_EK-TM4C123GXL_core.a(WMath.o)
                0x0000d59c                random(long)
 .text._Z6randomll
                0x0000d5b2       0x14 C:/ti/workspace_v11/tivac_EK-TM4C123GXL_core/Debug\libtivac_EK-TM4C123GXL_core.a(WMath.o)
                0x0000d5b2                random(long, long)
 .text._Z3maplllll
                0x0000d5c6       0x14 C:/ti/workspace_v11/tivac_EK-TM4C123GXL_core/Debug\libtivac_EK-TM4C123GXL_core.a(WMath.o)
                0x0000d5c6                map(long, long, long, long, long)
 .text._ZN6StringD2Ev
                0x0000d5da        0xe C:/ti/workspace_v11/tivac_EK-TM4C123GXL_core/Debug\libtivac_EK-TM4C123GXL_core.a(WString.o)
                0x0000d5da                String::~String()
                0x0000d5da                String::~String()
 .text._ZN6String10invalidateEv
                0x0000d5e8       0x16 C:/ti/workspace_v11/tivac_EK-TM4C123GXL_core/Debug\libtivac_EK-TM4C123GXL_core.a(WString.o)
                0x0000d5e8                String::invalidate()
 .text._ZN6String12changeBufferEj
                0x0000d5fe       0x18 C:/ti/workspace_v11/tivac_EK-TM4C123GXL_core/Debug\libtivac_EK-TM4C123GXL_core.a(WString.o)
                0x0000d5fe                String::changeBuffer(unsigned int)
 .text._ZN6String7reserveEj
                0x0000d616       0x28 C:/ti/workspace_v11/tivac_EK-TM4C123GXL_core/Debug\libtivac_EK-TM4C123GXL_core.a(WString.o)
                0x0000d616                String::reserve(unsigned int)
 .text._ZN6String4copyEPKcj
                0x0000d63e       0x26 C:/ti/workspace_v11/tivac_EK-TM4C123GXL_core/Debug\libtivac_EK-TM4C123GXL_core.a(WString.o)
                0x0000d63e                String::copy(char const*, unsigned int)
 .text._ZN6StringC2EPKc
                0x0000d664       0x24 C:/ti/workspace_v11/tivac_EK-TM4C123GXL_core/Debug\libtivac_EK-TM4C123GXL_core.a(WString.o)
                0x0000d664                String::String(char const*)
                0x0000d664                String::String(char const*)
 .text._ZN6String4copyEPK19__FlashStringHelperj
                0x0000d688       0x26 C:/ti/workspace_v11/tivac_EK-TM4C123GXL_core/Debug\libtivac_EK-TM4C123GXL_core.a(WString.o)
                0x0000d688                String::copy(__FlashStringHelper const*, unsigned int)
 .text._ZN6String4moveERS_
                0x0000d6ae       0x3c C:/ti/workspace_v11/tivac_EK-TM4C123GXL_core/Debug\libtivac_EK-TM4C123GXL_core.a(WString.o)
                0x0000d6ae                String::move(String&)
 .text._ZN6StringaSERKS_
                0x0000d6ea       0x1e C:/ti/workspace_v11/tivac_EK-TM4C123GXL_core/Debug\libtivac_EK-TM4C123GXL_core.a(WString.o)
                0x0000d6ea                String::operator=(String const&)
 .text._ZN6StringC2ERKS_
                0x0000d708       0x14 C:/ti/workspace_v11/tivac_EK-TM4C123GXL_core/Debug\libtivac_EK-TM4C123GXL_core.a(WString.o)
                0x0000d708                String::String(String const&)
                0x0000d708                String::String(String const&)
 .text._ZN6StringaSEOS_
                0x0000d71c       0x10 C:/ti/workspace_v11/tivac_EK-TM4C123GXL_core/Debug\libtivac_EK-TM4C123GXL_core.a(WString.o)
                0x0000d71c                String::operator=(String&&)
 .text._ZN6StringaSEPKc
                0x0000d72c       0x22 C:/ti/workspace_v11/tivac_EK-TM4C123GXL_core/Debug\libtivac_EK-TM4C123GXL_core.a(WString.o)
                0x0000d72c                String::operator=(char const*)
 .text._ZN6StringC2Efh
                0x0000d74e       0x38 C:/ti/workspace_v11/tivac_EK-TM4C123GXL_core/Debug\libtivac_EK-TM4C123GXL_core.a(WString.o)
                0x0000d74e                String::String(float, unsigned char)
                0x0000d74e                String::String(float, unsigned char)
 .text._ZN6StringaSEPK19__FlashStringHelper
                0x0000d786       0x22 C:/ti/workspace_v11/tivac_EK-TM4C123GXL_core/Debug\libtivac_EK-TM4C123GXL_core.a(WString.o)
                0x0000d786                String::operator=(__FlashStringHelper const*)
 .text._ZN6StringC2EPK19__FlashStringHelper
                0x0000d7a8       0x14 C:/ti/workspace_v11/tivac_EK-TM4C123GXL_core/Debug\libtivac_EK-TM4C123GXL_core.a(WString.o)
                0x0000d7a8                String::String(__FlashStringHelper const*)
                0x0000d7a8                String::String(__FlashStringHelper const*)
 .text._ZN6String6concatEPKcj
                0x0000d7bc       0x2e C:/ti/workspace_v11/tivac_EK-TM4C123GXL_core/Debug\libtivac_EK-TM4C123GXL_core.a(WString.o)
                0x0000d7bc                String::concat(char const*, unsigned int)
 .text._ZN6String6concatERKS_
                0x0000d7ea        0x8 C:/ti/workspace_v11/tivac_EK-TM4C123GXL_core/Debug\libtivac_EK-TM4C123GXL_core.a(WString.o)
                0x0000d7ea                String::concat(String const&)
 .text._ZN6String6concatEPKc
                0x0000d7f2       0x1e C:/ti/workspace_v11/tivac_EK-TM4C123GXL_core/Debug\libtivac_EK-TM4C123GXL_core.a(WString.o)
                0x0000d7f2                String::concat(char const*)
 .text._ZN6String6concatEc
                0x0000d810       0x1a C:/ti/workspace_v11/tivac_EK-TM4C123GXL_core/Debug\libtivac_EK-TM4C123GXL_core.a(WString.o)
                0x0000d810                String::concat(char)
 .text._ZN6String6concatEf
                0x0000d82a       0x30 C:/ti/workspace_v11/tivac_EK-TM4C123GXL_core/Debug\libtivac_EK-TM4C123GXL_core.a(WString.o)
                0x0000d82a                String::concat(float)
 .text._ZN6String6concatEd
                0x0000d85a       0x24 C:/ti/workspace_v11/tivac_EK-TM4C123GXL_core/Debug\libtivac_EK-TM4C123GXL_core.a(WString.o)
                0x0000d85a                String::concat(double)
 .text._ZplRK15StringSumHelperRK6String
                0x0000d87e       0x18 C:/ti/workspace_v11/tivac_EK-TM4C123GXL_core/Debug\libtivac_EK-TM4C123GXL_core.a(WString.o)
                0x0000d87e                operator+(StringSumHelper const&, String const&)
 .text._ZplRK15StringSumHelperPKc
                0x0000d896       0x28 C:/ti/workspace_v11/tivac_EK-TM4C123GXL_core/Debug\libtivac_EK-TM4C123GXL_core.a(WString.o)
                0x0000d896                operator+(StringSumHelper const&, char const*)
 .text._ZplRK15StringSumHelperf
                0x0000d8be       0x14 C:/ti/workspace_v11/tivac_EK-TM4C123GXL_core/Debug\libtivac_EK-TM4C123GXL_core.a(WString.o)
                0x0000d8be                operator+(StringSumHelper const&, float)
 .text._ZNK6String6equalsEPKc
                0x0000d8d2       0x24 C:/ti/workspace_v11/tivac_EK-TM4C123GXL_core/Debug\libtivac_EK-TM4C123GXL_core.a(WString.o)
                0x0000d8d2                String::equals(char const*) const
 *fill*         0x0000d8f6        0x2 
 .text._ZN6StringixEj
                0x0000d8f8       0x1c C:/ti/workspace_v11/tivac_EK-TM4C123GXL_core/Debug\libtivac_EK-TM4C123GXL_core.a(WString.o)
                0x0000d8f8                String::operator[](unsigned int)
 .text._ZNK6StringixEj
                0x0000d914       0x12 C:/ti/workspace_v11/tivac_EK-TM4C123GXL_core/Debug\libtivac_EK-TM4C123GXL_core.a(WString.o)
                0x0000d914                String::operator[](unsigned int) const
 .text._ZNK6String7indexOfEcj
                0x0000d926       0x1c C:/ti/workspace_v11/tivac_EK-TM4C123GXL_core/Debug\libtivac_EK-TM4C123GXL_core.a(WString.o)
                0x0000d926                String::indexOf(char, unsigned int) const
 .text._ZNK6String7indexOfEc
                0x0000d942        0x6 C:/ti/workspace_v11/tivac_EK-TM4C123GXL_core/Debug\libtivac_EK-TM4C123GXL_core.a(WString.o)
                0x0000d942                String::indexOf(char) const
 .text._ZNK6String9substringEjj
                0x0000d948       0x4c C:/ti/workspace_v11/tivac_EK-TM4C123GXL_core/Debug\libtivac_EK-TM4C123GXL_core.a(WString.o)
                0x0000d948                String::substring(unsigned int, unsigned int) const
 .text._ZN6String6removeEjj
                0x0000d994       0x32 C:/ti/workspace_v11/tivac_EK-TM4C123GXL_core/Debug\libtivac_EK-TM4C123GXL_core.a(WString.o)
                0x0000d994                String::remove(unsigned int, unsigned int)
 .text._ZN6String11toUpperCaseEv
                0x0000d9c6       0x18 C:/ti/workspace_v11/tivac_EK-TM4C123GXL_core/Debug\libtivac_EK-TM4C123GXL_core.a(WString.o)
                0x0000d9c6                String::toUpperCase()
 .text._ZN6String4trimEv
                0x0000d9de       0x50 C:/ti/workspace_v11/tivac_EK-TM4C123GXL_core/Debug\libtivac_EK-TM4C123GXL_core.a(WString.o)
                0x0000d9de                String::trim()
 *fill*         0x0000da2e        0x2 
 .text._ZNK6String8toDoubleEv
                0x0000da30       0x18 C:/ti/workspace_v11/tivac_EK-TM4C123GXL_core/Debug\libtivac_EK-TM4C123GXL_core.a(WString.o)
                0x0000da30                String::toDouble() const
 .text._ZNK6String7toFloatEv
                0x0000da48       0x14 C:/ti/workspace_v11/tivac_EK-TM4C123GXL_core/Debug\libtivac_EK-TM4C123GXL_core.a(WString.o)
                0x0000da48                String::toFloat() const
 .text.dtostrf  0x0000da5c       0x30 C:/ti/workspace_v11/tivac_EK-TM4C123GXL_core/Debug\libtivac_EK-TM4C123GXL_core.a(dtostrf.o)
                0x0000da5c                dtostrf
 .text.do_random
                0x0000da8c       0x40 C:/ti/workspace_v11/tivac_EK-TM4C123GXL_core/Debug\libtivac_EK-TM4C123GXL_core.a(random.o)
 .text.random   0x0000dacc        0xc C:/ti/workspace_v11/tivac_EK-TM4C123GXL_core/Debug\libtivac_EK-TM4C123GXL_core.a(random.o)
                0x0000dacc                random
 .text.__cxa_pure_virtual
                0x0000dad8        0x2 C:/ti/workspace_v11/tivac_EK-TM4C123GXL_core/Debug\libtivac_EK-TM4C123GXL_core.a(new.o)
                0x0000dad8                __cxa_pure_virtual
 *fill*         0x0000dada        0x2 
 .text._EEPROMWaitForDone
                0x0000dadc       0x10 C:/Users/tdurrer/AppData/Local/Energia15/packages/energia/hardware/tivac/1.0.4/system/driverlib\libdriverlib.a(eeprom.o)
 .text._EEPROMSectorMaskClear
                0x0000daec       0x34 C:/Users/tdurrer/AppData/Local/Energia15/packages/energia/hardware/tivac/1.0.4/system/driverlib\libdriverlib.a(eeprom.o)
 .text._EEPROMSectorMaskSet
                0x0000db20       0x40 C:/Users/tdurrer/AppData/Local/Energia15/packages/energia/hardware/tivac/1.0.4/system/driverlib\libdriverlib.a(eeprom.o)
 .text.EEPROMInit
                0x0000db60       0x3c C:/Users/tdurrer/AppData/Local/Energia15/packages/energia/hardware/tivac/1.0.4/system/driverlib\libdriverlib.a(eeprom.o)
                0x0000db60                EEPROMInit
 .text.EEPROMSizeGet
                0x0000db9c       0x10 C:/Users/tdurrer/AppData/Local/Energia15/packages/energia/hardware/tivac/1.0.4/system/driverlib\libdriverlib.a(eeprom.o)
                0x0000db9c                EEPROMSizeGet
 .text.EEPROMRead
                0x0000dbac       0x40 C:/Users/tdurrer/AppData/Local/Energia15/packages/energia/hardware/tivac/1.0.4/system/driverlib\libdriverlib.a(eeprom.o)
                0x0000dbac                EEPROMRead
 .text.EEPROMProgram
                0x0000dbec       0xc0 C:/Users/tdurrer/AppData/Local/Energia15/packages/energia/hardware/tivac/1.0.4/system/driverlib\libdriverlib.a(eeprom.o)
                0x0000dbec                EEPROMProgram
 .text.EEPROMMassErase
                0x0000dcac       0x58 C:/Users/tdurrer/AppData/Local/Energia15/packages/energia/hardware/tivac/1.0.4/system/driverlib\libdriverlib.a(eeprom.o)
                0x0000dcac                EEPROMMassErase
 .text.GPIOPadConfigSet
                0x0000dd04      0x130 C:/Users/tdurrer/AppData/Local/Energia15/packages/energia/hardware/tivac/1.0.4/system/driverlib\libdriverlib.a(gpio.o)
                0x0000dd04                GPIOPadConfigSet
 .text.GPIOIntStatus
                0x0000de34        0xe C:/Users/tdurrer/AppData/Local/Energia15/packages/energia/hardware/tivac/1.0.4/system/driverlib\libdriverlib.a(gpio.o)
                0x0000de34                GPIOIntStatus
 .text.GPIOIntClear
                0x0000de42        0x6 C:/Users/tdurrer/AppData/Local/Energia15/packages/energia/hardware/tivac/1.0.4/system/driverlib\libdriverlib.a(gpio.o)
                0x0000de42                GPIOIntClear
 .text.GPIOPinWrite
                0x0000de48        0x6 C:/Users/tdurrer/AppData/Local/Energia15/packages/energia/hardware/tivac/1.0.4/system/driverlib\libdriverlib.a(gpio.o)
                0x0000de48                GPIOPinWrite
 *fill*         0x0000de4e        0x2 
 .text.IntRegister
                0x0000de50       0x34 C:/Users/tdurrer/AppData/Local/Energia15/packages/energia/hardware/tivac/1.0.4/system/driverlib\libdriverlib.a(interrupt.o)
                0x0000de50                IntRegister
 .text.IntEnable
                0x0000de84       0x60 C:/Users/tdurrer/AppData/Local/Energia15/packages/energia/hardware/tivac/1.0.4/system/driverlib\libdriverlib.a(interrupt.o)
                0x0000de84                IntEnable
 .text.SysCtlPeripheralReset
                0x0000dee4       0x3a C:/Users/tdurrer/AppData/Local/Energia15/packages/energia/hardware/tivac/1.0.4/system/driverlib\libdriverlib.a(sysctl.o)
                0x0000dee4                SysCtlPeripheralReset
 .text.SysCtlPeripheralEnable
                0x0000df1e       0x22 C:/Users/tdurrer/AppData/Local/Energia15/packages/energia/hardware/tivac/1.0.4/system/driverlib\libdriverlib.a(sysctl.o)
                0x0000df1e                SysCtlPeripheralEnable
 .text.SysCtlLDODeepSleepSet
                0x0000df40        0xc C:/Users/tdurrer/AppData/Local/Energia15/packages/energia/hardware/tivac/1.0.4/system/driverlib\libdriverlib.a(sysctl.o)
                0x0000df40                SysCtlLDODeepSleepSet
 .text.SysCtlDeepSleepPowerSet
                0x0000df4c        0xc C:/Users/tdurrer/AppData/Local/Energia15/packages/energia/hardware/tivac/1.0.4/system/driverlib\libdriverlib.a(sysctl.o)
                0x0000df4c                SysCtlDeepSleepPowerSet
 .text.SysCtlDelay
                0x0000df58        0x8 C:/Users/tdurrer/AppData/Local/Energia15/packages/energia/hardware/tivac/1.0.4/system/driverlib\libdriverlib.a(sysctl.o)
                0x0000df58                SysCtlDelay
 .text.SysCtlClockGet
                0x0000df60      0x12c C:/Users/tdurrer/AppData/Local/Energia15/packages/energia/hardware/tivac/1.0.4/system/driverlib\libdriverlib.a(sysctl.o)
                0x0000df60                SysCtlClockGet
 .text._TimerIntNumberGet
                0x0000e08c       0x50 C:/Users/tdurrer/AppData/Local/Energia15/packages/energia/hardware/tivac/1.0.4/system/driverlib\libdriverlib.a(timer.o)
 .text.TimerIntRegister
                0x0000e0dc       0x1a C:/Users/tdurrer/AppData/Local/Energia15/packages/energia/hardware/tivac/1.0.4/system/driverlib\libdriverlib.a(timer.o)
                0x0000e0dc                TimerIntRegister
 *fill*         0x0000e0f6        0x2 
 .text.atanf    0x0000e0f8      0x1a4 c:/users/tdurrer/appdata/local/energia15/packages/energia/tools/arm-none-eabi-gcc/8.3.1-20190703/bin/../lib/gcc/arm-none-eabi/8.3.1/../../../../arm-none-eabi/lib/thumb/v7e-m+fp/hard\libm.a(lib_a-sf_atan.o)
                0x0000e0f8                atanf
 .text.cosf     0x0000e29c       0x90 c:/users/tdurrer/appdata/local/energia15/packages/energia/tools/arm-none-eabi-gcc/8.3.1-20190703/bin/../lib/gcc/arm-none-eabi/8.3.1/../../../../arm-none-eabi/lib/thumb/v7e-m+fp/hard\libm.a(lib_a-sf_cos.o)
                0x0000e29c                cosf
 .text.fabsf    0x0000e32c       0x10 c:/users/tdurrer/appdata/local/energia15/packages/energia/tools/arm-none-eabi-gcc/8.3.1-20190703/bin/../lib/gcc/arm-none-eabi/8.3.1/../../../../arm-none-eabi/lib/thumb/v7e-m+fp/hard\libm.a(lib_a-sf_fabs.o)
                0x0000e32c                fabsf
 .text.sinf     0x0000e33c       0x94 c:/users/tdurrer/appdata/local/energia15/packages/energia/tools/arm-none-eabi-gcc/8.3.1-20190703/bin/../lib/gcc/arm-none-eabi/8.3.1/../../../../arm-none-eabi/lib/thumb/v7e-m+fp/hard\libm.a(lib_a-sf_sin.o)
                0x0000e33c                sinf
 .text.tanf     0x0000e3d0       0x5c c:/users/tdurrer/appdata/local/energia15/packages/energia/tools/arm-none-eabi-gcc/8.3.1-20190703/bin/../lib/gcc/arm-none-eabi/8.3.1/../../../../arm-none-eabi/lib/thumb/v7e-m+fp/hard\libm.a(lib_a-sf_tan.o)
                0x0000e3d0                tanf
 *fill*         0x0000e42c        0x4 
 .text.pow      0x0000e430      0x19c c:/users/tdurrer/appdata/local/energia15/packages/energia/tools/arm-none-eabi-gcc/8.3.1-20190703/bin/../lib/gcc/arm-none-eabi/8.3.1/../../../../arm-none-eabi/lib/thumb/v7e-m+fp/hard\libm.a(lib_a-w_pow.o)
                0x0000e430                pow
 .text.sqrt     0x0000e5cc       0x74 c:/users/tdurrer/appdata/local/energia15/packages/energia/tools/arm-none-eabi-gcc/8.3.1-20190703/bin/../lib/gcc/arm-none-eabi/8.3.1/../../../../arm-none-eabi/lib/thumb/v7e-m+fp/hard\libm.a(lib_a-w_sqrt.o)
                0x0000e5cc                sqrt
 .text.asinf    0x0000e640       0x64 c:/users/tdurrer/appdata/local/energia15/packages/energia/tools/arm-none-eabi-gcc/8.3.1-20190703/bin/../lib/gcc/arm-none-eabi/8.3.1/../../../../arm-none-eabi/lib/thumb/v7e-m+fp/hard\libm.a(lib_a-wf_asin.o)
                0x0000e640                asinf
 .text.atan2f   0x0000e6a4        0x4 c:/users/tdurrer/appdata/local/energia15/packages/energia/tools/arm-none-eabi-gcc/8.3.1-20190703/bin/../lib/gcc/arm-none-eabi/8.3.1/../../../../arm-none-eabi/lib/thumb/v7e-m+fp/hard\libm.a(lib_a-wf_atan2.o)
                0x0000e6a4                atan2f
 .text.hypotf   0x0000e6a8       0x60 c:/users/tdurrer/appdata/local/energia15/packages/energia/tools/arm-none-eabi-gcc/8.3.1-20190703/bin/../lib/gcc/arm-none-eabi/8.3.1/../../../../arm-none-eabi/lib/thumb/v7e-m+fp/hard\libm.a(lib_a-wf_hypot.o)
                0x0000e6a8                hypotf
 .text.sqrtf    0x0000e708       0x50 c:/users/tdurrer/appdata/local/energia15/packages/energia/tools/arm-none-eabi-gcc/8.3.1-20190703/bin/../lib/gcc/arm-none-eabi/8.3.1/../../../../arm-none-eabi/lib/thumb/v7e-m+fp/hard\libm.a(lib_a-wf_sqrt.o)
                0x0000e708                sqrtf
 .text.__ieee754_pow
                0x0000e758      0xad8 c:/users/tdurrer/appdata/local/energia15/packages/energia/tools/arm-none-eabi-gcc/8.3.1-20190703/bin/../lib/gcc/arm-none-eabi/8.3.1/../../../../arm-none-eabi/lib/thumb/v7e-m+fp/hard\libm.a(lib_a-e_pow.o)
                0x0000e758                __ieee754_pow
 .text.__ieee754_sqrt
                0x0000f230      0x198 c:/users/tdurrer/appdata/local/energia15/packages/energia/tools/arm-none-eabi-gcc/8.3.1-20190703/bin/../lib/gcc/arm-none-eabi/8.3.1/../../../../arm-none-eabi/lib/thumb/v7e-m+fp/hard\libm.a(lib_a-e_sqrt.o)
                0x0000f230                __ieee754_sqrt
 .text.__ieee754_asinf
                0x0000f3c8      0x1f8 c:/users/tdurrer/appdata/local/energia15/packages/energia/tools/arm-none-eabi-gcc/8.3.1-20190703/bin/../lib/gcc/arm-none-eabi/8.3.1/../../../../arm-none-eabi/lib/thumb/v7e-m+fp/hard\libm.a(lib_a-ef_asin.o)
                0x0000f3c8                __ieee754_asinf
 .text.__ieee754_atan2f
                0x0000f5c0      0x17c c:/users/tdurrer/appdata/local/energia15/packages/energia/tools/arm-none-eabi-gcc/8.3.1-20190703/bin/../lib/gcc/arm-none-eabi/8.3.1/../../../../arm-none-eabi/lib/thumb/v7e-m+fp/hard\libm.a(lib_a-ef_atan2.o)
                0x0000f5c0                __ieee754_atan2f
 .text.__ieee754_hypotf
                0x0000f73c      0x128 c:/users/tdurrer/appdata/local/energia15/packages/energia/tools/arm-none-eabi-gcc/8.3.1-20190703/bin/../lib/gcc/arm-none-eabi/8.3.1/../../../../arm-none-eabi/lib/thumb/v7e-m+fp/hard\libm.a(lib_a-ef_hypot.o)
                0x0000f73c                __ieee754_hypotf
 .text.__ieee754_rem_pio2f
                0x0000f864      0x298 c:/users/tdurrer/appdata/local/energia15/packages/energia/tools/arm-none-eabi-gcc/8.3.1-20190703/bin/../lib/gcc/arm-none-eabi/8.3.1/../../../../arm-none-eabi/lib/thumb/v7e-m+fp/hard\libm.a(lib_a-ef_rem_pio2.o)
                0x0000f864                __ieee754_rem_pio2f
 .text.__ieee754_sqrtf
                0x0000fafc        0x8 c:/users/tdurrer/appdata/local/energia15/packages/energia/tools/arm-none-eabi-gcc/8.3.1-20190703/bin/../lib/gcc/arm-none-eabi/8.3.1/../../../../arm-none-eabi/lib/thumb/v7e-m+fp/hard\libm.a(lib_a-ef_sqrt.o)
                0x0000fafc                __ieee754_sqrtf
 .text.__kernel_cosf
                0x0000fb04      0x104 c:/users/tdurrer/appdata/local/energia15/packages/energia/tools/arm-none-eabi-gcc/8.3.1-20190703/bin/../lib/gcc/arm-none-eabi/8.3.1/../../../../arm-none-eabi/lib/thumb/v7e-m+fp/hard\libm.a(lib_a-kf_cos.o)
                0x0000fb04                __kernel_cosf
 .text.__kernel_rem_pio2f
                0x0000fc08      0x664 c:/users/tdurrer/appdata/local/energia15/packages/energia/tools/arm-none-eabi-gcc/8.3.1-20190703/bin/../lib/gcc/arm-none-eabi/8.3.1/../../../../arm-none-eabi/lib/thumb/v7e-m+fp/hard\libm.a(lib_a-kf_rem_pio2.o)
                0x0000fc08                __kernel_rem_pio2f
 .text.__kernel_sinf
                0x0001026c       0x90 c:/users/tdurrer/appdata/local/energia15/packages/energia/tools/arm-none-eabi-gcc/8.3.1-20190703/bin/../lib/gcc/arm-none-eabi/8.3.1/../../../../arm-none-eabi/lib/thumb/v7e-m+fp/hard\libm.a(lib_a-kf_sin.o)
                0x0001026c                __kernel_sinf
 .text.__kernel_tanf
                0x000102fc      0x1c8 c:/users/tdurrer/appdata/local/energia15/packages/energia/tools/arm-none-eabi-gcc/8.3.1-20190703/bin/../lib/gcc/arm-none-eabi/8.3.1/../../../../arm-none-eabi/lib/thumb/v7e-m+fp/hard\libm.a(lib_a-kf_tan.o)
                0x000102fc                __kernel_tanf
 .text.fabs     0x000104c4       0x14 c:/users/tdurrer/appdata/local/energia15/packages/energia/tools/arm-none-eabi-gcc/8.3.1-20190703/bin/../lib/gcc/arm-none-eabi/8.3.1/../../../../arm-none-eabi/lib/thumb/v7e-m+fp/hard\libm.a(lib_a-s_fabs.o)
                0x000104c4                fabs
 .text.finite   0x000104d8       0x10 c:/users/tdurrer/appdata/local/energia15/packages/energia/tools/arm-none-eabi-gcc/8.3.1-20190703/bin/../lib/gcc/arm-none-eabi/8.3.1/../../../../arm-none-eabi/lib/thumb/v7e-m+fp/hard\libm.a(lib_a-s_finite.o)
                0x000104d8                finite
 .text.nan      0x000104e8       0x10 c:/users/tdurrer/appdata/local/energia15/packages/energia/tools/arm-none-eabi-gcc/8.3.1-20190703/bin/../lib/gcc/arm-none-eabi/8.3.1/../../../../arm-none-eabi/lib/thumb/v7e-m+fp/hard\libm.a(lib_a-s_nan.o)
                0x000104e8                nan
 .text.rint     0x000104f8      0x120 c:/users/tdurrer/appdata/local/energia15/packages/energia/tools/arm-none-eabi-gcc/8.3.1-20190703/bin/../lib/gcc/arm-none-eabi/8.3.1/../../../../arm-none-eabi/lib/thumb/v7e-m+fp/hard\libm.a(lib_a-s_rint.o)
                0x000104f8                rint
 .text.scalbn   0x00010618      0x124 c:/users/tdurrer/appdata/local/energia15/packages/energia/tools/arm-none-eabi-gcc/8.3.1-20190703/bin/../lib/gcc/arm-none-eabi/8.3.1/../../../../arm-none-eabi/lib/thumb/v7e-m+fp/hard\libm.a(lib_a-s_scalbn.o)
                0x00010618                scalbn
 .text.finitef  0x0001073c       0x14 c:/users/tdurrer/appdata/local/energia15/packages/energia/tools/arm-none-eabi-gcc/8.3.1-20190703/bin/../lib/gcc/arm-none-eabi/8.3.1/../../../../arm-none-eabi/lib/thumb/v7e-m+fp/hard\libm.a(lib_a-sf_finite.o)
                0x0001073c                finitef
 .text.floorf   0x00010750       0x88 c:/users/tdurrer/appdata/local/energia15/packages/energia/tools/arm-none-eabi-gcc/8.3.1-20190703/bin/../lib/gcc/arm-none-eabi/8.3.1/../../../../arm-none-eabi/lib/thumb/v7e-m+fp/hard\libm.a(lib_a-sf_floor.o)
                0x00010750                floorf
 .text.nanf     0x000107d8        0xc c:/users/tdurrer/appdata/local/energia15/packages/energia/tools/arm-none-eabi-gcc/8.3.1-20190703/bin/../lib/gcc/arm-none-eabi/8.3.1/../../../../arm-none-eabi/lib/thumb/v7e-m+fp/hard\libm.a(lib_a-sf_nan.o)
                0x000107d8                nanf
 .text.scalbnf  0x000107e4       0xe4 c:/users/tdurrer/appdata/local/energia15/packages/energia/tools/arm-none-eabi-gcc/8.3.1-20190703/bin/../lib/gcc/arm-none-eabi/8.3.1/../../../../arm-none-eabi/lib/thumb/v7e-m+fp/hard\libm.a(lib_a-sf_scalbn.o)
                0x000107e4                scalbnf
 .text.__aeabi_atexit
                0x000108c8        0xa c:/users/tdurrer/appdata/local/energia15/packages/energia/tools/arm-none-eabi-gcc/8.3.1-20190703/bin/../lib/gcc/arm-none-eabi/8.3.1/../../../../arm-none-eabi/lib/thumb/v7e-m+fp/hard\libc_nano.a(lib_a-aeabi_atexit.o)
                0x000108c8                __aeabi_atexit
 .text.atof     0x000108d2        0x6 c:/users/tdurrer/appdata/local/energia15/packages/energia/tools/arm-none-eabi-gcc/8.3.1-20190703/bin/../lib/gcc/arm-none-eabi/8.3.1/../../../../arm-none-eabi/lib/thumb/v7e-m+fp/hard\libc_nano.a(lib_a-atof.o)
                0x000108d2                atof
 .text.__cxa_atexit
                0x000108d8       0x1c c:/users/tdurrer/appdata/local/energia15/packages/energia/tools/arm-none-eabi-gcc/8.3.1-20190703/bin/../lib/gcc/arm-none-eabi/8.3.1/../../../../arm-none-eabi/lib/thumb/v7e-m+fp/hard\libc_nano.a(lib_a-cxa_atexit.o)
                0x000108d8                __cxa_atexit
 .text.__errno  0x000108f4        0xc c:/users/tdurrer/appdata/local/energia15/packages/energia/tools/arm-none-eabi-gcc/8.3.1-20190703/bin/../lib/gcc/arm-none-eabi/8.3.1/../../../../arm-none-eabi/lib/thumb/v7e-m+fp/hard\libc_nano.a(lib_a-errno.o)
                0x000108f4                __errno
 .text.ispunct  0x00010900       0x10 c:/users/tdurrer/appdata/local/energia15/packages/energia/tools/arm-none-eabi-gcc/8.3.1-20190703/bin/../lib/gcc/arm-none-eabi/8.3.1/../../../../arm-none-eabi/lib/thumb/v7e-m+fp/hard\libc_nano.a(lib_a-ispunct.o)
                0x00010900                ispunct
 .text.isspace  0x00010910       0x10 c:/users/tdurrer/appdata/local/energia15/packages/energia/tools/arm-none-eabi-gcc/8.3.1-20190703/bin/../lib/gcc/arm-none-eabi/8.3.1/../../../../arm-none-eabi/lib/thumb/v7e-m+fp/hard\libc_nano.a(lib_a-isspace.o)
                0x00010910                isspace
 .text.malloc   0x00010920       0x10 c:/users/tdurrer/appdata/local/energia15/packages/energia/tools/arm-none-eabi-gcc/8.3.1-20190703/bin/../lib/gcc/arm-none-eabi/8.3.1/../../../../arm-none-eabi/lib/thumb/v7e-m+fp/hard\libc_nano.a(lib_a-malloc.o)
                0x00010920                malloc
 .text.free     0x00010930       0x10 c:/users/tdurrer/appdata/local/energia15/packages/energia/tools/arm-none-eabi-gcc/8.3.1-20190703/bin/../lib/gcc/arm-none-eabi/8.3.1/../../../../arm-none-eabi/lib/thumb/v7e-m+fp/hard\libc_nano.a(lib_a-malloc.o)
                0x00010930                free
 .text.memcpy   0x00010940       0x1c c:/users/tdurrer/appdata/local/energia15/packages/energia/tools/arm-none-eabi-gcc/8.3.1-20190703/bin/../lib/gcc/arm-none-eabi/8.3.1/../../../../arm-none-eabi/lib/thumb/v7e-m+fp/hard\libc_nano.a(lib_a-memcpy-stub.o)
                0x00010940                memcpy
 .text.memmove  0x0001095c       0x34 c:/users/tdurrer/appdata/local/energia15/packages/energia/tools/arm-none-eabi-gcc/8.3.1-20190703/bin/../lib/gcc/arm-none-eabi/8.3.1/../../../../arm-none-eabi/lib/thumb/v7e-m+fp/hard\libc_nano.a(lib_a-memmove.o)
                0x0001095c                memmove
 .text._free_r  0x00010990       0x9c c:/users/tdurrer/appdata/local/energia15/packages/energia/tools/arm-none-eabi-gcc/8.3.1-20190703/bin/../lib/gcc/arm-none-eabi/8.3.1/../../../../arm-none-eabi/lib/thumb/v7e-m+fp/hard\libc_nano.a(lib_a-nano-freer.o)
                0x00010990                _free_r
 .text._malloc_r
                0x00010a2c       0xb4 c:/users/tdurrer/appdata/local/energia15/packages/energia/tools/arm-none-eabi-gcc/8.3.1-20190703/bin/../lib/gcc/arm-none-eabi/8.3.1/../../../../arm-none-eabi/lib/thumb/v7e-m+fp/hard\libc_nano.a(lib_a-nano-mallocr.o)
                0x00010a2c                _malloc_r
 .text.realloc  0x00010ae0       0x10 c:/users/tdurrer/appdata/local/energia15/packages/energia/tools/arm-none-eabi-gcc/8.3.1-20190703/bin/../lib/gcc/arm-none-eabi/8.3.1/../../../../arm-none-eabi/lib/thumb/v7e-m+fp/hard\libc_nano.a(lib_a-realloc.o)
                0x00010ae0                realloc
 .text._sbrk_r  0x00010af0       0x20 c:/users/tdurrer/appdata/local/energia15/packages/energia/tools/arm-none-eabi-gcc/8.3.1-20190703/bin/../lib/gcc/arm-none-eabi/8.3.1/../../../../arm-none-eabi/lib/thumb/v7e-m+fp/hard\libc_nano.a(lib_a-sbrkr.o)
                0x00010af0                _sbrk_r
 .text.sprintf  0x00010b10       0x40 c:/users/tdurrer/appdata/local/energia15/packages/energia/tools/arm-none-eabi-gcc/8.3.1-20190703/bin/../lib/gcc/arm-none-eabi/8.3.1/../../../../arm-none-eabi/lib/thumb/v7e-m+fp/hard\libc_nano.a(lib_a-sprintf.o)
                0x00010b10                siprintf
                0x00010b10                sprintf
 .text.strchr   0x00010b50       0x1a c:/users/tdurrer/appdata/local/energia15/packages/energia/tools/arm-none-eabi-gcc/8.3.1-20190703/bin/../lib/gcc/arm-none-eabi/8.3.1/../../../../arm-none-eabi/lib/thumb/v7e-m+fp/hard\libc_nano.a(lib_a-strchr.o)
                0x00010b50                strchr
 .text          0x00010b6a       0x14 c:/users/tdurrer/appdata/local/energia15/packages/energia/tools/arm-none-eabi-gcc/8.3.1-20190703/bin/../lib/gcc/arm-none-eabi/8.3.1/../../../../arm-none-eabi/lib/thumb/v7e-m+fp/hard\libc_nano.a(lib_a-strcmp.o)
                0x00010b6a                strcmp
 .text.strcpy   0x00010b7e       0x10 c:/users/tdurrer/appdata/local/energia15/packages/energia/tools/arm-none-eabi-gcc/8.3.1-20190703/bin/../lib/gcc/arm-none-eabi/8.3.1/../../../../arm-none-eabi/lib/thumb/v7e-m+fp/hard\libc_nano.a(lib_a-strcpy.o)
                0x00010b7e                strcpy
 .text          0x00010b8e       0x10 c:/users/tdurrer/appdata/local/energia15/packages/energia/tools/arm-none-eabi-gcc/8.3.1-20190703/bin/../lib/gcc/arm-none-eabi/8.3.1/../../../../arm-none-eabi/lib/thumb/v7e-m+fp/hard\libc_nano.a(lib_a-strlen.o)
                0x00010b8e                strlen
 .text.strncmp  0x00010b9e       0x24 c:/users/tdurrer/appdata/local/energia15/packages/energia/tools/arm-none-eabi-gcc/8.3.1-20190703/bin/../lib/gcc/arm-none-eabi/8.3.1/../../../../arm-none-eabi/lib/thumb/v7e-m+fp/hard\libc_nano.a(lib_a-strncmp.o)
                0x00010b9e                strncmp
 .text.strncpy  0x00010bc2       0x26 c:/users/tdurrer/appdata/local/energia15/packages/energia/tools/arm-none-eabi-gcc/8.3.1-20190703/bin/../lib/gcc/arm-none-eabi/8.3.1/../../../../arm-none-eabi/lib/thumb/v7e-m+fp/hard\libc_nano.a(lib_a-strncpy.o)
                0x00010bc2                strncpy
 .text.sulp     0x00010be8       0x38 c:/users/tdurrer/appdata/local/energia15/packages/energia/tools/arm-none-eabi-gcc/8.3.1-20190703/bin/../lib/gcc/arm-none-eabi/8.3.1/../../../../arm-none-eabi/lib/thumb/v7e-m+fp/hard\libc_nano.a(lib_a-strtod.o)
 .text._strtod_l
                0x00010c20      0xb98 c:/users/tdurrer/appdata/local/energia15/packages/energia/tools/arm-none-eabi-gcc/8.3.1-20190703/bin/../lib/gcc/arm-none-eabi/8.3.1/../../../../arm-none-eabi/lib/thumb/v7e-m+fp/hard\libc_nano.a(lib_a-strtod.o)
                0x00010c20                _strtod_l
 .text.strtod   0x000117b8       0x18 c:/users/tdurrer/appdata/local/energia15/packages/energia/tools/arm-none-eabi-gcc/8.3.1-20190703/bin/../lib/gcc/arm-none-eabi/8.3.1/../../../../arm-none-eabi/lib/thumb/v7e-m+fp/hard\libc_nano.a(lib_a-strtod.o)
                0x000117b8                strtod
 .text.toupper  0x000117d0       0x14 c:/users/tdurrer/appdata/local/energia15/packages/energia/tools/arm-none-eabi-gcc/8.3.1-20190703/bin/../lib/gcc/arm-none-eabi/8.3.1/../../../../arm-none-eabi/lib/thumb/v7e-m+fp/hard\libc_nano.a(lib_a-toupper.o)
                0x000117d0                toupper
 .text.rshift   0x000117e4       0x74 c:/users/tdurrer/appdata/local/energia15/packages/energia/tools/arm-none-eabi-gcc/8.3.1-20190703/bin/../lib/gcc/arm-none-eabi/8.3.1/../../../../arm-none-eabi/lib/thumb/v7e-m+fp/hard\libc_nano.a(lib_a-gdtoa-gethex.o)
 .text.__hexdig_fun
                0x00011858       0x2a c:/users/tdurrer/appdata/local/energia15/packages/energia/tools/arm-none-eabi-gcc/8.3.1-20190703/bin/../lib/gcc/arm-none-eabi/8.3.1/../../../../arm-none-eabi/lib/thumb/v7e-m+fp/hard\libc_nano.a(lib_a-gdtoa-gethex.o)
                0x00011858                __hexdig_fun
 *fill*         0x00011882        0x2 
 .text.__gethex
                0x00011884      0x448 c:/users/tdurrer/appdata/local/energia15/packages/energia/tools/arm-none-eabi-gcc/8.3.1-20190703/bin/../lib/gcc/arm-none-eabi/8.3.1/../../../../arm-none-eabi/lib/thumb/v7e-m+fp/hard\libc_nano.a(lib_a-gdtoa-gethex.o)
                0x00011884                __gethex
 .text.L_shift  0x00011ccc       0x24 c:/users/tdurrer/appdata/local/energia15/packages/energia/tools/arm-none-eabi-gcc/8.3.1-20190703/bin/../lib/gcc/arm-none-eabi/8.3.1/../../../../arm-none-eabi/lib/thumb/v7e-m+fp/hard\libc_nano.a(lib_a-gdtoa-hexnan.o)
 .text.__match  0x00011cf0       0x28 c:/users/tdurrer/appdata/local/energia15/packages/energia/tools/arm-none-eabi-gcc/8.3.1-20190703/bin/../lib/gcc/arm-none-eabi/8.3.1/../../../../arm-none-eabi/lib/thumb/v7e-m+fp/hard\libc_nano.a(lib_a-gdtoa-hexnan.o)
                0x00011cf0                __match
 .text.__hexnan
                0x00011d18      0x120 c:/users/tdurrer/appdata/local/energia15/packages/energia/tools/arm-none-eabi-gcc/8.3.1-20190703/bin/../lib/gcc/arm-none-eabi/8.3.1/../../../../arm-none-eabi/lib/thumb/v7e-m+fp/hard\libc_nano.a(lib_a-gdtoa-hexnan.o)
                0x00011d18                __hexnan
 .text.__ascii_mbtowc
                0x00011e38       0x24 c:/users/tdurrer/appdata/local/energia15/packages/energia/tools/arm-none-eabi-gcc/8.3.1-20190703/bin/../lib/gcc/arm-none-eabi/8.3.1/../../../../arm-none-eabi/lib/thumb/v7e-m+fp/hard\libc_nano.a(lib_a-mbtowc_r.o)
                0x00011e38                __ascii_mbtowc
 .text.__malloc_lock
                0x00011e5c        0xc c:/users/tdurrer/appdata/local/energia15/packages/energia/tools/arm-none-eabi-gcc/8.3.1-20190703/bin/../lib/gcc/arm-none-eabi/8.3.1/../../../../arm-none-eabi/lib/thumb/v7e-m+fp/hard\libc_nano.a(lib_a-mlock.o)
                0x00011e5c                __malloc_lock
 .text.__malloc_unlock
                0x00011e68        0xc c:/users/tdurrer/appdata/local/energia15/packages/energia/tools/arm-none-eabi-gcc/8.3.1-20190703/bin/../lib/gcc/arm-none-eabi/8.3.1/../../../../arm-none-eabi/lib/thumb/v7e-m+fp/hard\libc_nano.a(lib_a-mlock.o)
                0x00011e68                __malloc_unlock
 .text._Balloc  0x00011e74       0x68 c:/users/tdurrer/appdata/local/energia15/packages/energia/tools/arm-none-eabi-gcc/8.3.1-20190703/bin/../lib/gcc/arm-none-eabi/8.3.1/../../../../arm-none-eabi/lib/thumb/v7e-m+fp/hard\libc_nano.a(lib_a-mprec.o)
                0x00011e74                _Balloc
 .text._Bfree   0x00011edc       0x2e c:/users/tdurrer/appdata/local/energia15/packages/energia/tools/arm-none-eabi-gcc/8.3.1-20190703/bin/../lib/gcc/arm-none-eabi/8.3.1/../../../../arm-none-eabi/lib/thumb/v7e-m+fp/hard\libc_nano.a(lib_a-mprec.o)
                0x00011edc                _Bfree
 .text.__multadd
                0x00011f0a       0x76 c:/users/tdurrer/appdata/local/energia15/packages/energia/tools/arm-none-eabi-gcc/8.3.1-20190703/bin/../lib/gcc/arm-none-eabi/8.3.1/../../../../arm-none-eabi/lib/thumb/v7e-m+fp/hard\libc_nano.a(lib_a-mprec.o)
                0x00011f0a                __multadd
 .text.__s2b    0x00011f80       0x7c c:/users/tdurrer/appdata/local/energia15/packages/energia/tools/arm-none-eabi-gcc/8.3.1-20190703/bin/../lib/gcc/arm-none-eabi/8.3.1/../../../../arm-none-eabi/lib/thumb/v7e-m+fp/hard\libc_nano.a(lib_a-mprec.o)
                0x00011f80                __s2b
 .text.__hi0bits
                0x00011ffc       0x40 c:/users/tdurrer/appdata/local/energia15/packages/energia/tools/arm-none-eabi-gcc/8.3.1-20190703/bin/../lib/gcc/arm-none-eabi/8.3.1/../../../../arm-none-eabi/lib/thumb/v7e-m+fp/hard\libc_nano.a(lib_a-mprec.o)
                0x00011ffc                __hi0bits
 .text.__lo0bits
                0x0001203c       0x60 c:/users/tdurrer/appdata/local/energia15/packages/energia/tools/arm-none-eabi-gcc/8.3.1-20190703/bin/../lib/gcc/arm-none-eabi/8.3.1/../../../../arm-none-eabi/lib/thumb/v7e-m+fp/hard\libc_nano.a(lib_a-mprec.o)
                0x0001203c                __lo0bits
 .text.__i2b    0x0001209c       0x12 c:/users/tdurrer/appdata/local/energia15/packages/energia/tools/arm-none-eabi-gcc/8.3.1-20190703/bin/../lib/gcc/arm-none-eabi/8.3.1/../../../../arm-none-eabi/lib/thumb/v7e-m+fp/hard\libc_nano.a(lib_a-mprec.o)
                0x0001209c                __i2b
 .text.__multiply
                0x000120ae      0x120 c:/users/tdurrer/appdata/local/energia15/packages/energia/tools/arm-none-eabi-gcc/8.3.1-20190703/bin/../lib/gcc/arm-none-eabi/8.3.1/../../../../arm-none-eabi/lib/thumb/v7e-m+fp/hard\libc_nano.a(lib_a-mprec.o)
                0x000120ae                __multiply
 *fill*         0x000121ce        0x2 
 .text.__pow5mult
                0x000121d0       0x9c c:/users/tdurrer/appdata/local/energia15/packages/energia/tools/arm-none-eabi-gcc/8.3.1-20190703/bin/../lib/gcc/arm-none-eabi/8.3.1/../../../../arm-none-eabi/lib/thumb/v7e-m+fp/hard\libc_nano.a(lib_a-mprec.o)
                0x000121d0                __pow5mult
 .text.__lshift
                0x0001226c       0xa6 c:/users/tdurrer/appdata/local/energia15/packages/energia/tools/arm-none-eabi-gcc/8.3.1-20190703/bin/../lib/gcc/arm-none-eabi/8.3.1/../../../../arm-none-eabi/lib/thumb/v7e-m+fp/hard\libc_nano.a(lib_a-mprec.o)
                0x0001226c                __lshift
 .text.__mcmp   0x00012312       0x34 c:/users/tdurrer/appdata/local/energia15/packages/energia/tools/arm-none-eabi-gcc/8.3.1-20190703/bin/../lib/gcc/arm-none-eabi/8.3.1/../../../../arm-none-eabi/lib/thumb/v7e-m+fp/hard\libc_nano.a(lib_a-mprec.o)
                0x00012312                __mcmp
 .text.__mdiff  0x00012346       0xba c:/users/tdurrer/appdata/local/energia15/packages/energia/tools/arm-none-eabi-gcc/8.3.1-20190703/bin/../lib/gcc/arm-none-eabi/8.3.1/../../../../arm-none-eabi/lib/thumb/v7e-m+fp/hard\libc_nano.a(lib_a-mprec.o)
                0x00012346                __mdiff
 .text.__ulp    0x00012400       0x4c c:/users/tdurrer/appdata/local/energia15/packages/energia/tools/arm-none-eabi-gcc/8.3.1-20190703/bin/../lib/gcc/arm-none-eabi/8.3.1/../../../../arm-none-eabi/lib/thumb/v7e-m+fp/hard\libc_nano.a(lib_a-mprec.o)
                0x00012400                __ulp